
> biomedical-market-place-backend@1.0.0 test
> jest --maxWorkers=2 --silent

node.exe : FAIL src/tests/modules/dashboard-widget/services/dashboard-widget.service.test.js
At line:1 char:1
+ & "C:\Program Files\nodejs/node.exe" "C:\Program Files\nodejs/node_mo ...
+ ~~~~~~~~~~~~~~~~~~~~~~~~~~~~~~~~~~~~~~~~~~~~~~~~~~~~~~~~~~~~~~~~~~~~~
    + CategoryInfo          : NotSpecified: (FAIL src/tests/...service.test.js:String) [], RemoteException
    + FullyQualifiedErrorId : NativeCommandError
 
  ΓùÅ Dashboard Widget Service ΓÇ║ listDashboardWidgets ΓÇ║ should apply filters correctly

    expect(jest.fn()).toHaveBeenCalledWith(...expected)

    - Expected
    + Received

      {"tenant_id": "660e8400-e29b-41d4-a716-446655440000"},
      0,
      20,
      {"created_at": "desc"},
    - {},

    Number of calls: 1

      77 |       );
      78 |
    > 79 |       expect(dashboardWidgetRepository.findMany).toHaveBeenCalledWith(
         |                                                  ^
      80 |         { tenant_id: filters.tenant_id },
      81 |         0,
      82 |         20,

      at Object.toHaveBeenCalledWith 
(src/tests/modules/dashboard-widget/services/dashboard-widget.service.test.js:79:50)

  ΓùÅ Dashboard Widget Service ΓÇ║ listDashboardWidgets ΓÇ║ should handle search filter

    expect(jest.fn()).toHaveBeenCalledWith(...expected)

    - Expected
    + Received

      {"OR": [{"name": {"contains": "dashboard"}}]},
      0,
      20,
      {"created_at": "desc"},
    - {},

    Number of calls: 1

      101 |       );
      102 |
    > 103 |       expect(dashboardWidgetRepository.findMany).toHaveBeenCalledWith(
          |                                                  ^
      104 |         { OR: [{ name: { contains: 'dashboard' } }] },
      105 |         0,
      106 |         20,

      at Object.toHaveBeenCalledWith 
(src/tests/modules/dashboard-widget/services/dashboard-widget.service.test.js:103:50)

FAIL src/tests/modules/anesthesia-record/controllers/anesthesia-record.controller.test.js
  ΓùÅ Anesthesia record Controller ΓÇ║ listanesthesiaRecords ΓÇ║ should list Anesthesia records with default pagination

    TypeError: Cannot read properties of undefined (reading 'mockResolvedValue')

      55 |     it('should list Anesthesia records with default pagination', async () => {
      56 |       req.query = {};
    > 57 |       anesthesiaRecordService.listanesthesiaRecords.mockResolvedValue(mockResult);
         |                                                     ^
      58 |
      59 |       await anesthesiaRecordController.listanesthesiaRecords(req, res);
      60 |

      at Object.mockResolvedValue 
(src/tests/modules/anesthesia-record/controllers/anesthesia-record.controller.test.js:57:53)

  ΓùÅ Anesthesia record Controller ΓÇ║ listanesthesiaRecords ΓÇ║ should list Anesthesia records with custom pagination

    TypeError: Cannot read properties of undefined (reading 'mockResolvedValue')

      78 |     it('should list Anesthesia records with custom pagination', async () => {
      79 |       req.query = { page: '2', limit: '10', sort_by: 'scheduled_at', order: 'desc' };
    > 80 |       anesthesiaRecordService.listanesthesiaRecords.mockResolvedValue(mockResult);
         |                                                     ^
      81 |
      82 |       await anesthesiaRecordController.listanesthesiaRecords(req, res);
      83 |

      at Object.mockResolvedValue 
(src/tests/modules/anesthesia-record/controllers/anesthesia-record.controller.test.js:80:53)

  ΓùÅ Anesthesia record Controller ΓÇ║ listanesthesiaRecords ΓÇ║ should list Anesthesia records with filters

    TypeError: Cannot read properties of undefined (reading 'mockResolvedValue')

      100 |         scheduled_to: '2026-01-20T23:59:59.000Z'
      101 |       };
    > 102 |       anesthesiaRecordService.listanesthesiaRecords.mockResolvedValue(mockResult);
          |                                                     ^
      103 |
      104 |       await anesthesiaRecordController.listanesthesiaRecords(req, res);
      105 |

      at Object.mockResolvedValue 
(src/tests/modules/anesthesia-record/controllers/anesthesia-record.controller.test.js:102:53)

  ΓùÅ Anesthesia record Controller ΓÇ║ getanesthesiaRecordById ΓÇ║ should get Anesthesia record by id

    TypeError: Cannot read properties of undefined (reading 'mockResolvedValue')

      131 |     it('should get Anesthesia record by id', async () => {
      132 |       req.params = { id: mockanesthesiaRecord.id };
    > 133 |       anesthesiaRecordService.getanesthesiaRecordById.mockResolvedValue(mockanesthesiaRecord);
          |                                                       ^
      134 |
      135 |       await anesthesiaRecordController.getanesthesiaRecordById(req, res);
      136 |

      at Object.mockResolvedValue 
(src/tests/modules/anesthesia-record/controllers/anesthesia-record.controller.test.js:133:55)

  ΓùÅ Anesthesia record Controller ΓÇ║ createanesthesiaRecord ΓÇ║ should create Anesthesia record

    TypeError: Cannot read properties of undefined (reading 'mockResolvedValue')

      163 |     it('should create Anesthesia record', async () => {
      164 |       req.body = createData;
    > 165 |       anesthesiaRecordService.createanesthesiaRecord.mockResolvedValue(mockCreatedanesthesiaRecord);
          |                                                      ^
      166 |
      167 |       await anesthesiaRecordController.createanesthesiaRecord(req, res);
      168 |

      at Object.mockResolvedValue 
(src/tests/modules/anesthesia-record/controllers/anesthesia-record.controller.test.js:165:54)

  ΓùÅ Anesthesia record Controller ΓÇ║ updateanesthesiaRecord ΓÇ║ should update Anesthesia record

    TypeError: Cannot read properties of undefined (reading 'mockResolvedValue')

      196 |       req.params = { id: mockUpdatedanesthesiaRecord.id };
      197 |       req.body = updateData;
    > 198 |       anesthesiaRecordService.updateanesthesiaRecord.mockResolvedValue(mockUpdatedanesthesiaRecord);
          |                                                      ^
      199 |
      200 |       await anesthesiaRecordController.updateanesthesiaRecord(req, res);
      201 |

      at Object.mockResolvedValue 
(src/tests/modules/anesthesia-record/controllers/anesthesia-record.controller.test.js:198:54)

  ΓùÅ Anesthesia record Controller ΓÇ║ deleteanesthesiaRecord ΓÇ║ should delete Anesthesia record

    TypeError: Cannot read properties of undefined (reading 'mockResolvedValue')

      219 |       const id = '550e8400-e29b-41d4-a716-446655440000';
      220 |       req.params = { id };
    > 221 |       anesthesiaRecordService.deleteanesthesiaRecord.mockResolvedValue();
          |                                                      ^
      222 |
      223 |       await anesthesiaRecordController.deleteanesthesiaRecord(req, res);
      224 |

      at Object.mockResolvedValue 
(src/tests/modules/anesthesia-record/controllers/anesthesia-record.controller.test.js:221:54)

FAIL src/tests/modules/patient-document/controllers/patient-document.controller.test.js
  ΓùÅ Patient Document Controller ΓÇ║ getPatientDocumentById ΓÇ║ should throw HttpError when patient document not found

    expect(received).rejects.toThrow()

    Received function did not throw

      144 |       await expect(getPatientDocumentById(req, res))
      145 |         .rejects
    > 146 |         .toThrow();
          |          ^
      147 |     });
      148 |   });
      149 |

      at Object.toThrow (node_modules/expect/build/index.js:2155:20)
      at Object.toThrow (src/tests/modules/patient-document/controllers/patient-document.controller.test.js:146:10)

FAIL src/tests/modules/department/services/department.service.test.js
  ΓùÅ Department Service ΓÇ║ getDepartmentUnits ΓÇ║ should return empty units list when department exists

    HttpError: errors.database.unexpected

      54 |     });
      55 |   } catch (error) {
    > 56 |     throw new HttpError('errors.database.unexpected', 500, [{ originalError: error.message }]);
         |           ^
      57 |   }
      58 | };
      59 |

      at Object.findMany (src/modules/unit/repositories/unit.repository.js:56:11)
      at Object.findMany [as listUnits] (src/modules/unit/services/unit.service.js:63:20)
      at listUnits (src/modules/department/services/department.service.js:274:28)
      at Object.<anonymous> (src/tests/modules/department/services/department.service.test.js:510:22)

FAIL src/tests/modules/patient-allergy/controllers/patient-allergy.controller.test.js
  ΓùÅ Patient Allergy Controller ΓÇ║ getPatientAllergyById ΓÇ║ should throw HttpError when patient allergy not found

    expect(received).rejects.toThrow()

    Received function did not throw

      144 |       await expect(getPatientAllergyById(req, res))
      145 |         .rejects
    > 146 |         .toThrow();
          |          ^
      147 |     });
      148 |   });
      149 |

      at Object.toThrow (node_modules/expect/build/index.js:2155:20)
      at Object.toThrow (src/tests/modules/patient-allergy/controllers/patient-allergy.controller.test.js:146:10)

FAIL src/tests/modules/anesthesia-record/services/anesthesia-record.service.test.js
  ΓùÅ Anesthesia record Service ΓÇ║ listanesthesiaRecords ΓÇ║ should apply encounter_id filter

    expect(jest.fn()).toHaveBeenCalledWith(...expected)

    Expected: ObjectContaining {"encounter_id": "550e8400-e29b-41d4-a716-446655440001"}, Any<Number>, Any<Number>, 
Any<Object>
    Received: {}, 0, 20, {"created_at": "desc"}

    Number of calls: 1

      58 |       await anesthesiaRecordService.listAnesthesiaRecords(filters, 1, 20, null, 'asc', userId, ipAddress);
      59 |
    > 60 |       expect(anesthesiaRecordRepository.findMany).toHaveBeenCalledWith(
         |                                                   ^
      61 |         expect.objectContaining({
      62 |           encounter_id: filters.encounter_id
      63 |         }),

      at Object.toHaveBeenCalledWith 
(src/tests/modules/anesthesia-record/services/anesthesia-record.service.test.js:60:51)

  ΓùÅ Anesthesia record Service ΓÇ║ listanesthesiaRecords ΓÇ║ should apply status filter

    expect(jest.fn()).toHaveBeenCalledWith(...expected)

    Expected: ObjectContaining {"notes": "Test notes"}, Any<Number>, Any<Number>, Any<Object>
    Received: {}, 0, 20, {"created_at": "desc"}

    Number of calls: 1

      75 |       await anesthesiaRecordService.listAnesthesiaRecords(filters, 1, 20, null, 'asc', userId, ipAddress);
      76 |
    > 77 |       expect(anesthesiaRecordRepository.findMany).toHaveBeenCalledWith(
         |                                                   ^
      78 |         expect.objectContaining({
      79 |           notes: 'Test notes'
      80 |         }),

      at Object.toHaveBeenCalledWith 
(src/tests/modules/anesthesia-record/services/anesthesia-record.service.test.js:77:51)

  ΓùÅ Anesthesia record Service ΓÇ║ listanesthesiaRecords ΓÇ║ should apply date range filters

    expect(jest.fn()).toHaveBeenCalledWith(...expected)

    Expected: ObjectContaining {"scheduled_at": {"gte": 2026-01-20T00:00:00.000Z, "lte": 2026-01-20T23:59:59.000Z}}, 
Any<Number>, Any<Number>, Any<Object>
    Received: {}, 0, 20, {"created_at": "desc"}

    Number of calls: 1

       95 |       await anesthesiaRecordService.listAnesthesiaRecords(filters, 1, 20, null, 'asc', userId, ipAddress);
       96 |
    >  97 |       expect(anesthesiaRecordRepository.findMany).toHaveBeenCalledWith(
          |                                                   ^
       98 |         expect.objectContaining({
       99 |           scheduled_at: {
      100 |             gte: new Date(filters.scheduled_from),

      at Object.toHaveBeenCalledWith 
(src/tests/modules/anesthesia-record/services/anesthesia-record.service.test.js:97:51)

FAIL src/tests/modules/triage-assessment/controllers/triage-assessment.controller.test.js
  ΓùÅ Triage Assessment Controller ΓÇ║ createTriageAssessment ΓÇ║ should create triage assessment

    expect(jest.fn()).toHaveBeenCalled()

    Expected number of calls: >= 1
    Received number of calls:    0

      82 |       await triageAssessmentController.createTriageAssessment(mockReq, mockRes);
      83 |
    > 84 |       expect(sendCreated).toHaveBeenCalled();
         |                           ^
      85 |     });
      86 |   });
      87 |

      at Object.toHaveBeenCalled 
(src/tests/modules/triage-assessment/controllers/triage-assessment.controller.test.js:84:27)

  ΓùÅ Triage Assessment Controller ΓÇ║ deleteTriageAssessment ΓÇ║ should delete triage assessment

    expect(jest.fn()).toHaveBeenCalled()

    Expected number of calls: >= 1
    Received number of calls:    0

      108 |       await triageAssessmentController.deleteTriageAssessment(mockReq, mockRes);
      109 |
    > 110 |       expect(sendDeleted).toHaveBeenCalled();
          |                           ^
      111 |     });
      112 |   });
      113 | });

      at Object.toHaveBeenCalled 
(src/tests/modules/triage-assessment/controllers/triage-assessment.controller.test.js:110:27)

FAIL src/tests/modules/emergency-response/services/emergency-response.service.test.js
  ΓùÅ Emergency Response Service ΓÇ║ createEmergencyResponse ΓÇ║ should create emergency response and audit log

    expect(received).toEqual(expected) // deep equality

    Expected: {"emergency_case_id": "case-id", "id": "new-id", "notes": "test notes"}
    Received: undefined

      77 |       const result = await emergencyResponseService.createEmergencyResponse(responseData, mockUser);
      78 |
    > 79 |       expect(result).toEqual(mockCreated);
         |                      ^
      80 |       expect(createAuditLog).toHaveBeenCalled();
      81 |     });
      82 |   });

      at Object.toEqual (src/tests/modules/emergency-response/services/emergency-response.service.test.js:79:22)

  ΓùÅ Emergency Response Service ΓÇ║ updateEmergencyResponse ΓÇ║ should update emergency response and audit log

    expect(received).toEqual(expected) // deep equality

    Expected: {"emergency_case_id": "case-id", "id": "test-id", "notes": "updated notes"}
    Received: undefined

      93 |       const result = await emergencyResponseService.updateEmergencyResponse('test-id', updateData, 
mockUser);
      94 |
    > 95 |       expect(result).toEqual(updated);
         |                      ^
      96 |       expect(createAuditLog).toHaveBeenCalled();
      97 |     });
      98 |

      at Object.toEqual (src/tests/modules/emergency-response/services/emergency-response.service.test.js:95:22)

  ΓùÅ Emergency Response Service ΓÇ║ updateEmergencyResponse ΓÇ║ should throw HttpError if not found

    expect(received).rejects.toThrow()

    Received promise resolved instead of rejected
    Resolved to value: undefined

      100 |       emergencyResponseRepository.findById.mockResolvedValue(null);
      101 |
    > 102 |       await expect(
          |             ^
      103 |         emergencyResponseService.updateEmergencyResponse('non-existent', {}, mockUser)
      104 |       ).rejects.toThrow(HttpError);
      105 |     });

      at expect (node_modules/expect/build/index.js:2116:15)
      at Object.expect (src/tests/modules/emergency-response/services/emergency-response.service.test.js:102:13)

  ΓùÅ Emergency Response Service ΓÇ║ deleteEmergencyResponse ΓÇ║ should soft delete emergency response and audit log

    expect(received).toEqual(expected) // deep equality

    Expected: {"deleted_at": 2026-01-19T19:54:56.810Z, "emergency_case_id": "case-id", "id": "test-id"}
    Received: undefined

      116 |       const result = await emergencyResponseService.deleteEmergencyResponse('test-id', mockUser);
      117 |
    > 118 |       expect(result).toEqual(deleted);
          |                      ^
      119 |       expect(createAuditLog).toHaveBeenCalled();
      120 |     });
      121 |

      at Object.toEqual (src/tests/modules/emergency-response/services/emergency-response.service.test.js:118:22)

  ΓùÅ Emergency Response Service ΓÇ║ deleteEmergencyResponse ΓÇ║ should throw HttpError if not found

    expect(received).rejects.toThrow()

    Received promise resolved instead of rejected
    Resolved to value: undefined

      123 |       emergencyResponseRepository.findById.mockResolvedValue(null);
      124 |
    > 125 |       await expect(
          |             ^
      126 |         emergencyResponseService.deleteEmergencyResponse('non-existent', mockUser)
      127 |       ).rejects.toThrow(HttpError);
      128 |     });

      at expect (node_modules/expect/build/index.js:2116:15)
      at Object.expect (src/tests/modules/emergency-response/services/emergency-response.service.test.js:125:13)

FAIL src/tests/modules/appointment/schemas/appointment.schema.test.js
  ΓùÅ Appointment Schemas ΓÇ║ createAppointmentSchema ΓÇ║ should trim and validate reason text

    expect(received).toBe(expected) // Object.is equality

    Expected: "  Valid reason  "
    Received: "Valid reason"

      132 |       const result = createAppointmentSchema.safeParse(data);
      133 |       expect(result.success).toBe(true);
    > 134 |       expect(result.data.reason).toBe('  Valid reason  ');
          |                                  ^
      135 |     });
      136 |   });
      137 |

      at Object.toBe (src/tests/modules/appointment/schemas/appointment.schema.test.js:134:34)

FAIL src/tests/modules/post-op-note/services/post-op-note.service.test.js
  ΓùÅ Post-op note Service ΓÇ║ listpostOpNotes ΓÇ║ should apply encounter_id filter

    expect(jest.fn()).toHaveBeenCalledWith(...expected)

    Expected: ObjectContaining {"encounter_id": "550e8400-e29b-41d4-a716-446655440001"}, Any<Number>, Any<Number>, 
Any<Object>
    Received: {}, 0, 20, {"created_at": "desc"}

    Number of calls: 1

      58 |       await postOpNoteService.listpostOpNotes(filters, 1, 20, null, 'asc', userId, ipAddress);
      59 |
    > 60 |       expect(postOpNoteRepository.findMany).toHaveBeenCalledWith(
         |                                             ^
      61 |         expect.objectContaining({
      62 |           encounter_id: filters.encounter_id
      63 |         }),

      at Object.toHaveBeenCalledWith (src/tests/modules/post-op-note/services/post-op-note.service.test.js:60:45)

  ΓùÅ Post-op note Service ΓÇ║ listpostOpNotes ΓÇ║ should apply status filter

    expect(jest.fn()).toHaveBeenCalledWith(...expected)

    Expected: ObjectContaining {"notes": "Test notes"}, Any<Number>, Any<Number>, Any<Object>
    Received: {}, 0, 20, {"created_at": "desc"}

    Number of calls: 1

      75 |       await postOpNoteService.listpostOpNotes(filters, 1, 20, null, 'asc', userId, ipAddress);
      76 |
    > 77 |       expect(postOpNoteRepository.findMany).toHaveBeenCalledWith(
         |                                             ^
      78 |         expect.objectContaining({
      79 |           notes: 'Test notes'
      80 |         }),

      at Object.toHaveBeenCalledWith (src/tests/modules/post-op-note/services/post-op-note.service.test.js:77:45)

  ΓùÅ Post-op note Service ΓÇ║ listpostOpNotes ΓÇ║ should apply date range filters

    expect(jest.fn()).toHaveBeenCalledWith(...expected)

    Expected: ObjectContaining {"scheduled_at": {"gte": 2026-01-20T00:00:00.000Z, "lte": 2026-01-20T23:59:59.000Z}}, 
Any<Number>, Any<Number>, Any<Object>
    Received: {}, 0, 20, {"created_at": "desc"}

    Number of calls: 1

       95 |       await postOpNoteService.listpostOpNotes(filters, 1, 20, null, 'asc', userId, ipAddress);
       96 |
    >  97 |       expect(postOpNoteRepository.findMany).toHaveBeenCalledWith(
          |                                             ^
       98 |         expect.objectContaining({
       99 |           scheduled_at: {
      100 |             gte: new Date(filters.scheduled_from),

      at Object.toHaveBeenCalledWith (src/tests/modules/post-op-note/services/post-op-note.service.test.js:97:45)

FAIL src/tests/modules/triage-assessment/services/triage-assessment.service.test.js
  ΓùÅ Triage Assessment Service ΓÇ║ createTriageAssessment ΓÇ║ should create triage assessment and audit log

    expect(received).toEqual(expected) // deep equality

    Expected: {"emergency_case_id": "case-id", "id": "new-id", "notes": "test notes", "triage_level": "URGENT"}
    Received: undefined

      78 |       const result = await triageAssessmentService.createTriageAssessment(assessmentData, mockUser);
      79 |
    > 80 |       expect(result).toEqual(mockCreated);
         |                      ^
      81 |       expect(createAuditLog).toHaveBeenCalled();
      82 |     });
      83 |   });

      at Object.toEqual (src/tests/modules/triage-assessment/services/triage-assessment.service.test.js:80:22)

  ΓùÅ Triage Assessment Service ΓÇ║ updateTriageAssessment ΓÇ║ should update triage assessment and audit log

    expect(received).toEqual(expected) // deep equality

    Expected: {"id": "test-id", "triage_level": "IMMEDIATE"}
    Received: undefined

      94 |       const result = await triageAssessmentService.updateTriageAssessment('test-id', updateData, mockUser);
      95 |
    > 96 |       expect(result).toEqual(updated);
         |                      ^
      97 |       expect(createAuditLog).toHaveBeenCalled();
      98 |     });
      99 |

      at Object.toEqual (src/tests/modules/triage-assessment/services/triage-assessment.service.test.js:96:22)

  ΓùÅ Triage Assessment Service ΓÇ║ updateTriageAssessment ΓÇ║ should throw HttpError if not found

    expect(received).rejects.toThrow()

    Received promise resolved instead of rejected
    Resolved to value: undefined

      101 |       triageAssessmentRepository.findById.mockResolvedValue(null);
      102 |
    > 103 |       await expect(
          |             ^
      104 |         triageAssessmentService.updateTriageAssessment('non-existent', {}, mockUser)
      105 |       ).rejects.toThrow(HttpError);
      106 |     });

      at expect (node_modules/expect/build/index.js:2116:15)
      at Object.expect (src/tests/modules/triage-assessment/services/triage-assessment.service.test.js:103:13)

  ΓùÅ Triage Assessment Service ΓÇ║ deleteTriageAssessment ΓÇ║ should soft delete triage assessment and audit log

    expect(received).toEqual(expected) // deep equality

    Expected: {"deleted_at": 2026-01-19T19:54:57.172Z, "id": "test-id", "triage_level": "URGENT"}
    Received: undefined

      117 |       const result = await triageAssessmentService.deleteTriageAssessment('test-id', mockUser);
      118 |
    > 119 |       expect(result).toEqual(deleted);
          |                      ^
      120 |       expect(createAuditLog).toHaveBeenCalled();
      121 |     });
      122 |

      at Object.toEqual (src/tests/modules/triage-assessment/services/triage-assessment.service.test.js:119:22)

  ΓùÅ Triage Assessment Service ΓÇ║ deleteTriageAssessment ΓÇ║ should throw HttpError if not found

    expect(received).rejects.toThrow()

    Received promise resolved instead of rejected
    Resolved to value: undefined

      124 |       triageAssessmentRepository.findById.mockResolvedValue(null);
      125 |
    > 126 |       await expect(
          |             ^
      127 |         triageAssessmentService.deleteTriageAssessment('non-existent', mockUser)
      128 |       ).rejects.toThrow(HttpError);
      129 |     });

      at expect (node_modules/expect/build/index.js:2116:15)
      at Object.expect (src/tests/modules/triage-assessment/services/triage-assessment.service.test.js:126:13)

FAIL src/tests/modules/emergency-case/services/emergency-case.service.test.js
  ΓùÅ Emergency Case Service ΓÇ║ createEmergencyCase ΓÇ║ should create emergency case and audit log

    expect(received).toEqual(expected) // deep equality

    Expected: {"id": "new-id", "patient_id": "patient-id", "severity": "HIGH", "status": "PENDING", "tenant_id": 
"tenant-id"}
    Received: undefined

      118 |       const result = await emergencyCaseService.createEmergencyCase(caseData, mockUser);
      119 |
    > 120 |       expect(result).toEqual(mockCreatedCase);
          |                      ^
      121 |       expect(emergencyCaseRepository.create).toHaveBeenCalledWith(caseData);
      122 |       expect(createAuditLog).toHaveBeenCalledWith({
      123 |         action: 'CREATE',

      at Object.toEqual (src/tests/modules/emergency-case/services/emergency-case.service.test.js:120:22)

  ΓùÅ Emergency Case Service ΓÇ║ createEmergencyCase ΓÇ║ should throw error if create fails

    expect(received).rejects.toThrow()

    Received promise resolved instead of rejected
    Resolved to value: undefined

      148 |       emergencyCaseRepository.create.mockRejectedValue(new Error('DB Error'));
      149 |
    > 150 |       await expect(
          |             ^
      151 |         emergencyCaseService.createEmergencyCase({}, mockUser)
      152 |       ).rejects.toThrow();
      153 |     });

      at expect (node_modules/expect/build/index.js:2116:15)
      at Object.expect (src/tests/modules/emergency-case/services/emergency-case.service.test.js:150:13)

  ΓùÅ Emergency Case Service ΓÇ║ updateEmergencyCase ΓÇ║ should update emergency case and audit log

    expect(received).toEqual(expected) // deep equality

    Expected: {"id": "test-id", "severity": "HIGH", "status": "IN_PROGRESS", "tenant_id": "tenant-id"}
    Received: undefined

      170 |       const result = await emergencyCaseService.updateEmergencyCase('test-id', updateData, mockUser);
      171 |
    > 172 |       expect(result).toEqual(updatedCase);
          |                      ^
      173 |       expect(emergencyCaseRepository.findById).toHaveBeenCalledWith('test-id');
      174 |       expect(emergencyCaseRepository.update).toHaveBeenCalledWith('test-id', updateData);
      175 |       expect(createAuditLog).toHaveBeenCalledWith({

      at Object.toEqual (src/tests/modules/emergency-case/services/emergency-case.service.test.js:172:22)

  ΓùÅ Emergency Case Service ΓÇ║ updateEmergencyCase ΓÇ║ should throw HttpError if emergency case not found

    expect(received).rejects.toThrow()

    Received promise resolved instead of rejected
    Resolved to value: undefined

      186 |       emergencyCaseRepository.findById.mockResolvedValue(null);
      187 |
    > 188 |       await expect(
          |             ^
      189 |         emergencyCaseService.updateEmergencyCase('non-existent', {}, mockUser)
      190 |       ).rejects.toThrow(HttpError);
      191 |       

      at expect (node_modules/expect/build/index.js:2116:15)
      at Object.expect (src/tests/modules/emergency-case/services/emergency-case.service.test.js:188:13)

  ΓùÅ Emergency Case Service ΓÇ║ deleteEmergencyCase ΓÇ║ should soft delete emergency case and audit log

    expect(received).toEqual(expected) // deep equality

    Expected: {"deleted_at": 2026-01-19T19:54:57.266Z, "id": "test-id", "severity": "HIGH", "status": "PENDING", 
"tenant_id": "tenant-id"}
    Received: undefined

      223 |       const result = await emergencyCaseService.deleteEmergencyCase('test-id', mockUser);
      224 |
    > 225 |       expect(result).toEqual(deletedCase);
          |                      ^
      226 |       expect(emergencyCaseRepository.findById).toHaveBeenCalledWith('test-id');
      227 |       expect(emergencyCaseRepository.softDelete).toHaveBeenCalledWith('test-id');
      228 |       expect(createAuditLog).toHaveBeenCalledWith({

      at Object.toEqual (src/tests/modules/emergency-case/services/emergency-case.service.test.js:225:22)

  ΓùÅ Emergency Case Service ΓÇ║ deleteEmergencyCase ΓÇ║ should throw HttpError if emergency case not found

    expect(received).rejects.toThrow()

    Received promise resolved instead of rejected
    Resolved to value: undefined

      239 |       emergencyCaseRepository.findById.mockResolvedValue(null);
      240 |
    > 241 |       await expect(
          |             ^
      242 |         emergencyCaseService.deleteEmergencyCase('non-existent', mockUser)
      243 |       ).rejects.toThrow(HttpError);
      244 |       

      at expect (node_modules/expect/build/index.js:2116:15)
      at Object.expect (src/tests/modules/emergency-case/services/emergency-case.service.test.js:241:13)

FAIL src/tests/modules/dashboard-widget/schemas/dashboard-widget.schema.test.js
  ΓùÅ Dashboard Widget Schemas ΓÇ║ createDashboardWidgetSchema ΓÇ║ should validate correct dashboard widget data

    TypeError: Cannot read properties of undefined (reading '_zod')

      23 |
      24 |     it('should validate correct dashboard widget data', () => {
    > 25 |       const result = createDashboardWidgetSchema.safeParse(validData);
         |                                                  ^
      26 |       expect(result.success).toBe(true);
      27 |     });
      28 |

      at Object.inst._zod.parse (node_modules/zod/v4/core/schemas.cjs:1356:46)
      at eval (eval at compile (node_modules/zod/v4/core/doc.cjs:36:16), <anonymous>:41:43)
      at node_modules/zod/v4/core/schemas.cjs:896:34
      at Object.inst._zod.parse (node_modules/zod/v4/core/schemas.cjs:921:23)
      at Object.safeParse (node_modules/zod/v4/core/parse.cjs:61:32)
      at _.inst.safeParse (node_modules/zod/v4/classic/schemas.cjs:157:46)
      at Object.safeParse (src/tests/modules/dashboard-widget/schemas/dashboard-widget.schema.test.js:25:50)

  ΓùÅ Dashboard Widget Schemas ΓÇ║ createDashboardWidgetSchema ΓÇ║ should require tenant_id

    TypeError: Cannot read properties of undefined (reading '_zod')

      30 |       const data = { ...validData };
      31 |       delete data.tenant_id;
    > 32 |       const result = createDashboardWidgetSchema.safeParse(data);
         |                                                  ^
      33 |       expect(result.success).toBe(false);
      34 |     });
      35 |

      at Object.inst._zod.parse (node_modules/zod/v4/core/schemas.cjs:1356:46)
      at eval (eval at compile (node_modules/zod/v4/core/doc.cjs:36:16), <anonymous>:41:43)
      at node_modules/zod/v4/core/schemas.cjs:896:34
      at Object.inst._zod.parse (node_modules/zod/v4/core/schemas.cjs:921:23)
      at Object.safeParse (node_modules/zod/v4/core/parse.cjs:61:32)
      at _.inst.safeParse (node_modules/zod/v4/classic/schemas.cjs:157:46)
      at Object.safeParse (src/tests/modules/dashboard-widget/schemas/dashboard-widget.schema.test.js:32:50)

  ΓùÅ Dashboard Widget Schemas ΓÇ║ createDashboardWidgetSchema ΓÇ║ should require name

    TypeError: Cannot read properties of undefined (reading '_zod')

      37 |       const data = { ...validData };
      38 |       delete data.name;
    > 39 |       const result = createDashboardWidgetSchema.safeParse(data);
         |                                                  ^
      40 |       expect(result.success).toBe(false);
      41 |     });
      42 |

      at Object.inst._zod.parse (node_modules/zod/v4/core/schemas.cjs:1356:46)
      at eval (eval at compile (node_modules/zod/v4/core/doc.cjs:36:16), <anonymous>:41:43)
      at node_modules/zod/v4/core/schemas.cjs:896:34
      at Object.inst._zod.parse (node_modules/zod/v4/core/schemas.cjs:921:23)
      at Object.safeParse (node_modules/zod/v4/core/parse.cjs:61:32)
      at _.inst.safeParse (node_modules/zod/v4/classic/schemas.cjs:157:46)
      at Object.safeParse (src/tests/modules/dashboard-widget/schemas/dashboard-widget.schema.test.js:39:50)

  ΓùÅ Dashboard Widget Schemas ΓÇ║ createDashboardWidgetSchema ΓÇ║ should trim string fields

    TypeError: Cannot read properties of undefined (reading '_zod')

      50 |     it('should trim string fields', () => {
      51 |       const data = { ...validData, name: '  Sales Dashboard  ' };
    > 52 |       const result = createDashboardWidgetSchema.safeParse(data);
         |                                                  ^
      53 |       expect(result.success).toBe(true);
      54 |       if (result.success) {
      55 |         expect(result.data.name).toBe('Sales Dashboard');

      at Object.inst._zod.parse (node_modules/zod/v4/core/schemas.cjs:1356:46)
      at eval (eval at compile (node_modules/zod/v4/core/doc.cjs:36:16), <anonymous>:41:43)
      at node_modules/zod/v4/core/schemas.cjs:896:34
      at Object.inst._zod.parse (node_modules/zod/v4/core/schemas.cjs:921:23)
      at Object.safeParse (node_modules/zod/v4/core/parse.cjs:61:32)
      at _.inst.safeParse (node_modules/zod/v4/classic/schemas.cjs:157:46)
      at Object.safeParse (src/tests/modules/dashboard-widget/schemas/dashboard-widget.schema.test.js:52:50)

  ΓùÅ Dashboard Widget Schemas ΓÇ║ createDashboardWidgetSchema ΓÇ║ should enforce max length for name

    TypeError: Cannot read properties of undefined (reading '_zod')

      59 |     it('should enforce max length for name', () => {
      60 |       const data = { ...validData, name: 'a'.repeat(256) };
    > 61 |       const result = createDashboardWidgetSchema.safeParse(data);
         |                                                  ^
      62 |       expect(result.success).toBe(false);
      63 |     });
      64 |

      at Object.inst._zod.parse (node_modules/zod/v4/core/schemas.cjs:1356:46)
      at eval (eval at compile (node_modules/zod/v4/core/doc.cjs:36:16), <anonymous>:41:43)
      at node_modules/zod/v4/core/schemas.cjs:896:34
      at Object.inst._zod.parse (node_modules/zod/v4/core/schemas.cjs:921:23)
      at Object.safeParse (node_modules/zod/v4/core/parse.cjs:61:32)
      at _.inst.safeParse (node_modules/zod/v4/classic/schemas.cjs:157:46)
      at Object.safeParse (src/tests/modules/dashboard-widget/schemas/dashboard-widget.schema.test.js:61:50)

  ΓùÅ Dashboard Widget Schemas ΓÇ║ createDashboardWidgetSchema ΓÇ║ should reject invalid tenant_id format

    TypeError: Cannot read properties of undefined (reading '_zod')

      65 |     it('should reject invalid tenant_id format', () => {
      66 |       const data = { ...validData, tenant_id: 'invalid-uuid' };
    > 67 |       const result = createDashboardWidgetSchema.safeParse(data);
         |                                                  ^
      68 |       expect(result.success).toBe(false);
      69 |     });
      70 |

      at Object.inst._zod.parse (node_modules/zod/v4/core/schemas.cjs:1356:46)
      at eval (eval at compile (node_modules/zod/v4/core/doc.cjs:36:16), <anonymous>:41:43)
      at node_modules/zod/v4/core/schemas.cjs:896:34
      at Object.inst._zod.parse (node_modules/zod/v4/core/schemas.cjs:921:23)
      at Object.safeParse (node_modules/zod/v4/core/parse.cjs:61:32)
      at _.inst.safeParse (node_modules/zod/v4/classic/schemas.cjs:157:46)
      at Object.safeParse (src/tests/modules/dashboard-widget/schemas/dashboard-widget.schema.test.js:67:50)

  ΓùÅ Dashboard Widget Schemas ΓÇ║ createDashboardWidgetSchema ΓÇ║ should reject empty name

    TypeError: Cannot read properties of undefined (reading '_zod')

      71 |     it('should reject empty name', () => {
      72 |       const data = { ...validData, name: '' };
    > 73 |       const result = createDashboardWidgetSchema.safeParse(data);
         |                                                  ^
      74 |       expect(result.success).toBe(false);
      75 |     });
      76 |

      at Object.inst._zod.parse (node_modules/zod/v4/core/schemas.cjs:1356:46)
      at eval (eval at compile (node_modules/zod/v4/core/doc.cjs:36:16), <anonymous>:41:43)
      at node_modules/zod/v4/core/schemas.cjs:896:34
      at Object.inst._zod.parse (node_modules/zod/v4/core/schemas.cjs:921:23)
      at Object.safeParse (node_modules/zod/v4/core/parse.cjs:61:32)
      at _.inst.safeParse (node_modules/zod/v4/classic/schemas.cjs:157:46)
      at Object.safeParse (src/tests/modules/dashboard-widget/schemas/dashboard-widget.schema.test.js:73:50)

  ΓùÅ Dashboard Widget Schemas ΓÇ║ createDashboardWidgetSchema ΓÇ║ should accept complex config_json object

    TypeError: Cannot read properties of undefined (reading '_zod')

      85 |         } 
      86 |       };
    > 87 |       const result = createDashboardWidgetSchema.safeParse(data);
         |                                                  ^
      88 |       expect(result.success).toBe(true);
      89 |     });
      90 |

      at Object.inst._zod.parse (node_modules/zod/v4/core/schemas.cjs:1356:46)
      at eval (eval at compile (node_modules/zod/v4/core/doc.cjs:36:16), <anonymous>:41:43)
      at node_modules/zod/v4/core/schemas.cjs:896:34
      at Object.inst._zod.parse (node_modules/zod/v4/core/schemas.cjs:921:23)
      at Object.safeParse (node_modules/zod/v4/core/parse.cjs:61:32)
      at _.inst.safeParse (node_modules/zod/v4/classic/schemas.cjs:157:46)
      at Object.safeParse (src/tests/modules/dashboard-widget/schemas/dashboard-widget.schema.test.js:87:50)

  ΓùÅ Dashboard Widget Schemas ΓÇ║ updateDashboardWidgetSchema ΓÇ║ should validate correct update data

    TypeError: Cannot read properties of undefined (reading '_zod')

      114 |         config_json: { layout: 'list', columns: 2 }
      115 |       };
    > 116 |       const result = updateDashboardWidgetSchema.safeParse(data);
          |                                                  ^
      117 |       expect(result.success).toBe(true);
      118 |     });
      119 |

      at Object.inst._zod.parse (node_modules/zod/v4/core/schemas.cjs:1356:46)
      at Object.inst._zod.parse (node_modules/zod/v4/core/schemas.cjs:1588:35)
      at eval (eval at compile (node_modules/zod/v4/core/doc.cjs:36:16), <anonymous>:23:43)
      at node_modules/zod/v4/core/schemas.cjs:896:34
      at Object.inst._zod.parse (node_modules/zod/v4/core/schemas.cjs:921:23)
      at Object.safeParse (node_modules/zod/v4/core/parse.cjs:61:32)
      at _.inst.safeParse (node_modules/zod/v4/classic/schemas.cjs:157:46)
      at Object.safeParse (src/tests/modules/dashboard-widget/schemas/dashboard-widget.schema.test.js:116:50)

  ΓùÅ Dashboard Widget Schemas ΓÇ║ updateDashboardWidgetSchema ΓÇ║ should accept complex config_json object in updates

    TypeError: Cannot read properties of undefined (reading '_zod')

      158 |         } 
      159 |       };
    > 160 |       const result = updateDashboardWidgetSchema.safeParse(data);
          |                                                  ^
      161 |       expect(result.success).toBe(true);
      162 |     });
      163 |

      at Object.inst._zod.parse (node_modules/zod/v4/core/schemas.cjs:1356:46)
      at Object.inst._zod.parse (node_modules/zod/v4/core/schemas.cjs:1588:35)
      at eval (eval at compile (node_modules/zod/v4/core/doc.cjs:36:16), <anonymous>:23:43)
      at node_modules/zod/v4/core/schemas.cjs:896:34
      at Object.inst._zod.parse (node_modules/zod/v4/core/schemas.cjs:921:23)
      at Object.safeParse (node_modules/zod/v4/core/parse.cjs:61:32)
      at _.inst.safeParse (node_modules/zod/v4/classic/schemas.cjs:157:46)
      at Object.safeParse (src/tests/modules/dashboard-widget/schemas/dashboard-widget.schema.test.js:160:50)

FAIL src/tests/modules/role/services/role.service.test.js
  ΓùÅ Role Service ΓÇ║ createRole ΓÇ║ should create role and audit log

    HttpError: errors.server.unexpected

      117 |   } catch (error) {
      118 |     if (error instanceof HttpError) throw error;
    > 119 |     throw new HttpError('errors.server.unexpected', 500, [{ originalError: error.message }]);
          |           ^
      120 |   }
      121 | };
      122 |

      at createRole (src/modules/role/services/role.service.js:119:11)
      at Object.<anonymous> (src/tests/modules/role/services/role.service.test.js:111:22)

  ΓùÅ Role Service ΓÇ║ updateRole ΓÇ║ should update role and audit log

    HttpError: errors.server.unexpected

      157 |   } catch (error) {
      158 |     if (error instanceof HttpError) throw error;
    > 159 |     throw new HttpError('errors.server.unexpected', 500, [{ originalError: error.message }]);
          |           ^
      160 |   }
      161 | };
      162 |

      at updateRole (src/modules/role/services/role.service.js:159:11)
      at Object.<anonymous> (src/tests/modules/role/services/role.service.test.js:132:22)

  ΓùÅ Role Service ΓÇ║ deleteRole ΓÇ║ should soft delete role and audit log

    HttpError: errors.server.unexpected

      194 |   } catch (error) {
      195 |     if (error instanceof HttpError) throw error;
    > 196 |     throw new HttpError('errors.server.unexpected', 500, [{ originalError: error.message }]);
          |           ^
      197 |   }
      198 | };
      199 |

      at deleteRole (src/modules/role/services/role.service.js:196:11)
      at Object.<anonymous> (src/tests/modules/role/services/role.service.test.js:159:7)

FAIL src/tests/modules/role-permission/services/role-permission.service.test.js
  ΓùÅ Role-Permission Service ΓÇ║ createRolePermission ΓÇ║ should create role-permission and audit log

    HttpError: errors.server.unexpected

      108 |   } catch (error) {
      109 |     if (error instanceof HttpError) throw error;
    > 110 |     throw new HttpError('errors.server.unexpected', 500, [{ originalError: error.message }]);
          |           ^
      111 |   }
      112 | };
      113 |

      at createRolePermission (src/modules/role-permission/services/role-permission.service.js:110:11)
      at Object.<anonymous> (src/tests/modules/role-permission/services/role-permission.service.test.js:65:22)

  ΓùÅ Role-Permission Service ΓÇ║ updateRolePermission ΓÇ║ should update role-permission and audit log

    HttpError: errors.server.unexpected

      148 |   } catch (error) {
      149 |     if (error instanceof HttpError) throw error;
    > 150 |     throw new HttpError('errors.server.unexpected', 500, [{ originalError: error.message }]);
          |           ^
      151 |   }
      152 | };
      153 |

      at updateRolePermission (src/modules/role-permission/services/role-permission.service.js:150:11)
      at Object.<anonymous> (src/tests/modules/role-permission/services/role-permission.service.test.js:79:22)

  ΓùÅ Role-Permission Service ΓÇ║ deleteRolePermission ΓÇ║ should soft delete role-permission and audit log

    HttpError: errors.server.unexpected

      185 |   } catch (error) {
      186 |     if (error instanceof HttpError) throw error;
    > 187 |     throw new HttpError('errors.server.unexpected', 500, [{ originalError: error.message }]);
          |           ^
      188 |   }
      189 | };
      190 |

      at deleteRolePermission (src/modules/role-permission/services/role-permission.service.js:187:11)
      at Object.<anonymous> (src/tests/modules/role-permission/services/role-permission.service.test.js:92:7)

FAIL src/tests/modules/patient-medical-history/controllers/patient-medical-history.controller.test.js
  ΓùÅ Patient Medical History Controller ΓÇ║ getPatientMedicalHistoryById ΓÇ║ should throw HttpError when patient 
medical history not found

    expect(received).rejects.toThrow()

    Received function did not throw

      144 |       await expect(getPatientMedicalHistoryById(req, res))
      145 |         .rejects
    > 146 |         .toThrow();
          |          ^
      147 |     });
      148 |   });
      149 |

      at Object.toThrow (node_modules/expect/build/index.js:2155:20)
      at Object.toThrow 
(src/tests/modules/patient-medical-history/controllers/patient-medical-history.controller.test.js:146:10)

FAIL src/tests/modules/referral/schemas/referral.schema.test.js
  ΓùÅ Referral Schemas ΓÇ║ createReferralSchema ΓÇ║ should validate correct referral data

    expect(received).toBe(expected) // Object.is equality

    Expected: true
    Received: false

      26 |     it('should validate correct referral data', () => {
      27 |       const result = createReferralSchema.safeParse(validData);
    > 28 |       expect(result.success).toBe(true);
         |                              ^
      29 |     });
      30 |
      31 |     it('should require encounter_id', () => {

      at Object.toBe (src/tests/modules/referral/schemas/referral.schema.test.js:28:30)

  ΓùÅ Referral Schemas ΓÇ║ createReferralSchema ΓÇ║ should allow optional from_department_id

    expect(received).toBe(expected) // Object.is equality

    Expected: true
    Received: false

      47 |       delete data.from_department_id;
      48 |       const result = createReferralSchema.safeParse(data);
    > 49 |       expect(result.success).toBe(true);
         |                              ^
      50 |     });
      51 |
      52 |     it('should allow optional to_department_id', () => {

      at Object.toBe (src/tests/modules/referral/schemas/referral.schema.test.js:49:30)

  ΓùÅ Referral Schemas ΓÇ║ createReferralSchema ΓÇ║ should allow optional to_department_id

    expect(received).toBe(expected) // Object.is equality

    Expected: true
    Received: false

      54 |       delete data.to_department_id;
      55 |       const result = createReferralSchema.safeParse(data);
    > 56 |       expect(result.success).toBe(true);
         |                              ^
      57 |     });
      58 |
      59 |     it('should allow optional reason', () => {

      at Object.toBe (src/tests/modules/referral/schemas/referral.schema.test.js:56:30)

  ΓùÅ Referral Schemas ΓÇ║ createReferralSchema ΓÇ║ should allow optional reason

    expect(received).toBe(expected) // Object.is equality

    Expected: true
    Received: false

      61 |       delete data.reason;
      62 |       const result = createReferralSchema.safeParse(data);
    > 63 |       expect(result.success).toBe(true);
         |                              ^
      64 |     });
      65 |
      66 |     it('should validate status enum values', () => {

      at Object.toBe (src/tests/modules/referral/schemas/referral.schema.test.js:63:30)

  ΓùÅ Referral Schemas ΓÇ║ updateReferralSchema ΓÇ║ should allow partial updates

    expect(received).toBe(expected) // Object.is equality

    Expected: true
    Received: false

      105 |       const data = { status: 'REJECTED' };
      106 |       const result = updateReferralSchema.safeParse(data);
    > 107 |       expect(result.success).toBe(true);
          |                              ^
      108 |     });
      109 |
      110 |     it('should allow empty object', () => {

      at Object.toBe (src/tests/modules/referral/schemas/referral.schema.test.js:107:30)

FAIL src/tests/modules/post-op-note/controllers/post-op-note.controller.test.js
  ΓùÅ Post-op note Controller ΓÇ║ listpostOpNotes ΓÇ║ should list Post-op notes with filters

    expect(jest.fn()).toHaveBeenCalledWith(...expected)

    Expected: ObjectContaining {"encounter_id": "550e8400-e29b-41d4-a716-446655440001", "scheduled_from": 
"2026-01-20T00:00:00.000Z", "scheduled_to": "2026-01-20T23:59:59.000Z", "status": "SCHEDULED"}, 1, 20, undefined, 
"asc", "user-123", "127.0.0.1"
    Received: {"note": undefined, "theatre_case_id": undefined}, 1, 20, undefined, "asc", "user-123", "127.0.0.1"

    Number of calls: 1

      104 |       await postOpNoteController.listpostOpNotes(req, res);
      105 |
    > 106 |       expect(postOpNoteService.listpostOpNotes).toHaveBeenCalledWith(
          |                                                 ^
      107 |         expect.objectContaining({
      108 |           encounter_id: '550e8400-e29b-41d4-a716-446655440001',
      109 |           status: 'SCHEDULED',

      at Object.toHaveBeenCalledWith 
(src/tests/modules/post-op-note/controllers/post-op-note.controller.test.js:106:49)

FAIL src/tests/modules/emergency-response/controllers/emergency-response.controller.test.js
  ΓùÅ Emergency Response Controller ΓÇ║ createEmergencyResponse ΓÇ║ should create emergency response

    expect(received).toHaveBeenCalled()

    Matcher error: received value must be a mock or spy function

    Received has value: undefined

      76 |       await emergencyResponseController.createEmergencyResponse(mockReq, mockRes);
      77 |
    > 78 |       expect(sendCreated).toHaveBeenCalled();
         |                           ^
      79 |     });
      80 |   });
      81 |

      at Object.toHaveBeenCalled 
(src/tests/modules/emergency-response/controllers/emergency-response.controller.test.js:78:27)

  ΓùÅ Emergency Response Controller ΓÇ║ deleteEmergencyResponse ΓÇ║ should delete emergency response

    expect(received).toHaveBeenCalled()

    Matcher error: received value must be a mock or spy function

    Received has value: undefined

      102 |       await emergencyResponseController.deleteEmergencyResponse(mockReq, mockRes);
      103 |
    > 104 |       expect(sendDeleted).toHaveBeenCalled();
          |                           ^
      105 |     });
      106 |   });
      107 | });

      at Object.toHaveBeenCalled 
(src/tests/modules/emergency-response/controllers/emergency-response.controller.test.js:104:27)

FAIL src/tests/modules/visit-queue/schemas/visit-queue.schema.test.js
  ΓùÅ Visit Queue Schemas ΓÇ║ listVisitQueuesQuerySchema ΓÇ║ should trim search parameter

    expect(received).toBe(expected) // Object.is equality

    Expected: "  test  "
    Received: "test"

      299 |       expect(result.success).toBe(true);
      300 |       if (result.success) {
    > 301 |         expect(result.data.search).toBe('  test  '); // Zod trim happens at parse
          |                                    ^
      302 |       }
      303 |     });
      304 |   });

      at Object.toBe (src/tests/modules/visit-queue/schemas/visit-queue.schema.test.js:301:36)

FAIL src/tests/modules/permission/services/permission.service.test.js
  ΓùÅ Permission Service ΓÇ║ createPermission ΓÇ║ should create permission and audit log

    HttpError: errors.server.unexpected

      116 |   } catch (error) {
      117 |     if (error instanceof HttpError) throw error;
    > 118 |     throw new HttpError('errors.server.unexpected', 500, [{ originalError: error.message }]);
          |           ^
      119 |   }
      120 | };
      121 |

      at createPermission (src/modules/permission/services/permission.service.js:118:11)
      at Object.<anonymous> (src/tests/modules/permission/services/permission.service.test.js:66:22)

  ΓùÅ Permission Service ΓÇ║ updatePermission ΓÇ║ should update permission and audit log

    HttpError: errors.server.unexpected

      156 |   } catch (error) {
      157 |     if (error instanceof HttpError) throw error;
    > 158 |     throw new HttpError('errors.server.unexpected', 500, [{ originalError: error.message }]);
          |           ^
      159 |   }
      160 | };
      161 |

      at updatePermission (src/modules/permission/services/permission.service.js:158:11)
      at Object.<anonymous> (src/tests/modules/permission/services/permission.service.test.js:85:22)

  ΓùÅ Permission Service ΓÇ║ deletePermission ΓÇ║ should soft delete permission and audit log

    HttpError: errors.server.unexpected

      193 |   } catch (error) {
      194 |     if (error instanceof HttpError) throw error;
    > 195 |     throw new HttpError('errors.server.unexpected', 500, [{ originalError: error.message }]);
          |           ^
      196 |   }
      197 | };
      198 |

      at deletePermission (src/modules/permission/services/permission.service.js:195:11)
      at Object.<anonymous> (src/tests/modules/permission/services/permission.service.test.js:105:7)

FAIL src/tests/modules/referral/repositories/referral.repository.test.js
  ΓùÅ Referral Repository ΓÇ║ findMany ΓÇ║ should apply filters

    expect(jest.fn()).toHaveBeenCalledWith(...expected)

    - Expected
    + Received

    @@ -6,8 +6,8 @@
        "skip": 0,
        "take": 20,
        "where": Object {
          "deleted_at": null,
          "encounter_id": "encounter-123",
    -     "status": "REQUESTED",
    +     "status": "PENDING",
        },
      },

    Number of calls: 1

      105 |       await findMany({ encounter_id: 'encounter-123', status: 'PENDING' });
      106 |
    > 107 |       expect(prisma.referral.findMany).toHaveBeenCalledWith({
          |                                        ^
      108 |         where: {
      109 |           deleted_at: null,
      110 |           encounter_id: 'encounter-123',

      at Object.toHaveBeenCalledWith (src/tests/modules/referral/repositories/referral.repository.test.js:107:40)

  ΓùÅ Referral Repository ΓÇ║ count ΓÇ║ should apply filters

    expect(jest.fn()).toHaveBeenCalledWith(...expected)

    - Expected
    + Received

      Object {
        "where": Object {
          "deleted_at": null,
    -     "status": "PENDING",
    +     "status": "REQUESTED",
        },
      },

    Number of calls: 1

      144 |       await count({ status: 'REQUESTED' });
      145 |
    > 146 |       expect(prisma.referral.count).toHaveBeenCalledWith({
          |                                     ^
      147 |         where: {
      148 |           deleted_at: null,
      149 |           status: 'PENDING'

      at Object.toHaveBeenCalledWith (src/tests/modules/referral/repositories/referral.repository.test.js:146:37)

FAIL src/tests/modules/user-role/services/user-role.service.test.js
  ΓùÅ User-Role Service ΓÇ║ createUserRole ΓÇ║ should create user-role and audit log

    HttpError: errors.server.unexpected

      110 |   } catch (error) {
      111 |     if (error instanceof HttpError) throw error;
    > 112 |     throw new HttpError('errors.server.unexpected', 500, [{ originalError: error.message }]);
          |           ^
      113 |   }
      114 | };
      115 |

      at createUserRole (src/modules/user-role/services/user-role.service.js:112:11)
      at Object.<anonymous> (src/tests/modules/user-role/services/user-role.service.test.js:65:22)

  ΓùÅ User-Role Service ΓÇ║ updateUserRole ΓÇ║ should update user-role and audit log

    HttpError: errors.server.unexpected

      150 |   } catch (error) {
      151 |     if (error instanceof HttpError) throw error;
    > 152 |     throw new HttpError('errors.server.unexpected', 500, [{ originalError: error.message }]);
          |           ^
      153 |   }
      154 | };
      155 |

      at updateUserRole (src/modules/user-role/services/user-role.service.js:152:11)
      at Object.<anonymous> (src/tests/modules/user-role/services/user-role.service.test.js:79:22)

  ΓùÅ User-Role Service ΓÇ║ deleteUserRole ΓÇ║ should soft delete user-role and audit log

    HttpError: errors.server.unexpected

      187 |   } catch (error) {
      188 |     if (error instanceof HttpError) throw error;
    > 189 |     throw new HttpError('errors.server.unexpected', 500, [{ originalError: error.message }]);
          |           ^
      190 |   }
      191 | };
      192 |

      at deleteUserRole (src/modules/user-role/services/user-role.service.js:189:11)
      at Object.<anonymous> (src/tests/modules/user-role/services/user-role.service.test.js:92:7)

FAIL src/tests/modules/analytics-event/schemas/analytics-event.schema.test.js
  ΓùÅ Analytics Event Schemas ΓÇ║ createAnalyticsEventSchema ΓÇ║ should validate correct analytics event data

    TypeError: Cannot read properties of undefined (reading '_zod')

      24 |
      25 |     it('should validate correct analytics event data', () => {
    > 26 |       const result = createAnalyticsEventSchema.safeParse(validData);
         |                                                 ^
      27 |       expect(result.success).toBe(true);
      28 |     });
      29 |

      at Object.inst._zod.parse (node_modules/zod/v4/core/schemas.cjs:1356:46)
      at Object.inst._zod.parse (node_modules/zod/v4/core/schemas.cjs:1588:35)
      at Object.inst._zod.parse (node_modules/zod/v4/core/schemas.cjs:1606:35)
      at eval (eval at compile (node_modules/zod/v4/core/doc.cjs:36:16), <anonymous>:59:44)
      at node_modules/zod/v4/core/schemas.cjs:896:34
      at Object.inst._zod.parse (node_modules/zod/v4/core/schemas.cjs:921:23)
      at Object.safeParse (node_modules/zod/v4/core/parse.cjs:61:32)
      at _.inst.safeParse (node_modules/zod/v4/classic/schemas.cjs:157:46)
      at Object.safeParse (src/tests/modules/analytics-event/schemas/analytics-event.schema.test.js:26:49)

  ΓùÅ Analytics Event Schemas ΓÇ║ createAnalyticsEventSchema ΓÇ║ should require tenant_id

    TypeError: Cannot read properties of undefined (reading '_zod')

      31 |       const data = { ...validData };
      32 |       delete data.tenant_id;
    > 33 |       const result = createAnalyticsEventSchema.safeParse(data);
         |                                                 ^
      34 |       expect(result.success).toBe(false);
      35 |     });
      36 |

      at Object.inst._zod.parse (node_modules/zod/v4/core/schemas.cjs:1356:46)
      at Object.inst._zod.parse (node_modules/zod/v4/core/schemas.cjs:1588:35)
      at Object.inst._zod.parse (node_modules/zod/v4/core/schemas.cjs:1606:35)
      at eval (eval at compile (node_modules/zod/v4/core/doc.cjs:36:16), <anonymous>:59:44)
      at node_modules/zod/v4/core/schemas.cjs:896:34
      at Object.inst._zod.parse (node_modules/zod/v4/core/schemas.cjs:921:23)
      at Object.safeParse (node_modules/zod/v4/core/parse.cjs:61:32)
      at _.inst.safeParse (node_modules/zod/v4/classic/schemas.cjs:157:46)
      at Object.safeParse (src/tests/modules/analytics-event/schemas/analytics-event.schema.test.js:33:49)

  ΓùÅ Analytics Event Schemas ΓÇ║ createAnalyticsEventSchema ΓÇ║ should require event_name

    TypeError: Cannot read properties of undefined (reading '_zod')

      38 |       const data = { ...validData };
      39 |       delete data.event_name;
    > 40 |       const result = createAnalyticsEventSchema.safeParse(data);
         |                                                 ^
      41 |       expect(result.success).toBe(false);
      42 |     });
      43 |

      at Object.inst._zod.parse (node_modules/zod/v4/core/schemas.cjs:1356:46)
      at Object.inst._zod.parse (node_modules/zod/v4/core/schemas.cjs:1588:35)
      at Object.inst._zod.parse (node_modules/zod/v4/core/schemas.cjs:1606:35)
      at eval (eval at compile (node_modules/zod/v4/core/doc.cjs:36:16), <anonymous>:59:44)
      at node_modules/zod/v4/core/schemas.cjs:896:34
      at Object.inst._zod.parse (node_modules/zod/v4/core/schemas.cjs:921:23)
      at Object.safeParse (node_modules/zod/v4/core/parse.cjs:61:32)
      at _.inst.safeParse (node_modules/zod/v4/classic/schemas.cjs:157:46)
      at Object.safeParse (src/tests/modules/analytics-event/schemas/analytics-event.schema.test.js:40:49)

  ΓùÅ Analytics Event Schemas ΓÇ║ createAnalyticsEventSchema ΓÇ║ should accept user_id as optional

    TypeError: Cannot read properties of undefined (reading '_zod')

      45 |       const data = { ...validData };
      46 |       delete data.user_id;
    > 47 |       const result = createAnalyticsEventSchema.safeParse(data);
         |                                                 ^
      48 |       expect(result.success).toBe(true);
      49 |     });
      50 |

      at Object.inst._zod.parse (node_modules/zod/v4/core/schemas.cjs:1356:46)
      at Object.inst._zod.parse (node_modules/zod/v4/core/schemas.cjs:1588:35)
      at Object.inst._zod.parse (node_modules/zod/v4/core/schemas.cjs:1606:35)
      at eval (eval at compile (node_modules/zod/v4/core/doc.cjs:36:16), <anonymous>:59:44)
      at node_modules/zod/v4/core/schemas.cjs:896:34
      at Object.inst._zod.parse (node_modules/zod/v4/core/schemas.cjs:921:23)
      at Object.safeParse (node_modules/zod/v4/core/parse.cjs:61:32)
      at _.inst.safeParse (node_modules/zod/v4/classic/schemas.cjs:157:46)
      at Object.safeParse (src/tests/modules/analytics-event/schemas/analytics-event.schema.test.js:47:49)

  ΓùÅ Analytics Event Schemas ΓÇ║ createAnalyticsEventSchema ΓÇ║ should accept null user_id

    TypeError: Cannot read properties of undefined (reading '_zod')

      51 |     it('should accept null user_id', () => {
      52 |       const data = { ...validData, user_id: null };
    > 53 |       const result = createAnalyticsEventSchema.safeParse(data);
         |                                                 ^
      54 |       expect(result.success).toBe(true);
      55 |     });
      56 |

      at Object.inst._zod.parse (node_modules/zod/v4/core/schemas.cjs:1356:46)
      at Object.inst._zod.parse (node_modules/zod/v4/core/schemas.cjs:1588:35)
      at Object.inst._zod.parse (node_modules/zod/v4/core/schemas.cjs:1606:35)
      at eval (eval at compile (node_modules/zod/v4/core/doc.cjs:36:16), <anonymous>:59:44)
      at node_modules/zod/v4/core/schemas.cjs:896:34
      at Object.inst._zod.parse (node_modules/zod/v4/core/schemas.cjs:921:23)
      at Object.safeParse (node_modules/zod/v4/core/parse.cjs:61:32)
      at _.inst.safeParse (node_modules/zod/v4/classic/schemas.cjs:157:46)
      at Object.safeParse (src/tests/modules/analytics-event/schemas/analytics-event.schema.test.js:53:49)

  ΓùÅ Analytics Event Schemas ΓÇ║ createAnalyticsEventSchema ΓÇ║ should accept complex payload_json object

    TypeError: Cannot read properties of undefined (reading '_zod')

      71 |         } 
      72 |       };
    > 73 |       const result = createAnalyticsEventSchema.safeParse(data);
         |                                                 ^
      74 |       expect(result.success).toBe(true);
      75 |     });
      76 |

      at Object.inst._zod.parse (node_modules/zod/v4/core/schemas.cjs:1356:46)
      at Object.inst._zod.parse (node_modules/zod/v4/core/schemas.cjs:1588:35)
      at Object.inst._zod.parse (node_modules/zod/v4/core/schemas.cjs:1606:35)
      at eval (eval at compile (node_modules/zod/v4/core/doc.cjs:36:16), <anonymous>:59:44)
      at node_modules/zod/v4/core/schemas.cjs:896:34
      at Object.inst._zod.parse (node_modules/zod/v4/core/schemas.cjs:921:23)
      at Object.safeParse (node_modules/zod/v4/core/parse.cjs:61:32)
      at _.inst.safeParse (node_modules/zod/v4/classic/schemas.cjs:157:46)
      at Object.safeParse (src/tests/modules/analytics-event/schemas/analytics-event.schema.test.js:73:49)

  ΓùÅ Analytics Event Schemas ΓÇ║ createAnalyticsEventSchema ΓÇ║ should trim string fields

    TypeError: Cannot read properties of undefined (reading '_zod')

      83 |     it('should trim string fields', () => {
      84 |       const data = { ...validData, event_name: '  page_view  ' };
    > 85 |       const result = createAnalyticsEventSchema.safeParse(data);
         |                                                 ^
      86 |       expect(result.success).toBe(true);
      87 |       if (result.success) {
      88 |         expect(result.data.event_name).toBe('page_view');

      at Object.inst._zod.parse (node_modules/zod/v4/core/schemas.cjs:1356:46)
      at Object.inst._zod.parse (node_modules/zod/v4/core/schemas.cjs:1588:35)
      at Object.inst._zod.parse (node_modules/zod/v4/core/schemas.cjs:1606:35)
      at eval (eval at compile (node_modules/zod/v4/core/doc.cjs:36:16), <anonymous>:59:44)
      at node_modules/zod/v4/core/schemas.cjs:896:34
      at Object.inst._zod.parse (node_modules/zod/v4/core/schemas.cjs:921:23)
      at Object.safeParse (node_modules/zod/v4/core/parse.cjs:61:32)
      at _.inst.safeParse (node_modules/zod/v4/classic/schemas.cjs:157:46)
      at Object.safeParse (src/tests/modules/analytics-event/schemas/analytics-event.schema.test.js:85:49)

  ΓùÅ Analytics Event Schemas ΓÇ║ updateAnalyticsEventSchema ΓÇ║ should validate correct update data

    TypeError: Cannot read properties of undefined (reading '_zod')

       97 |         payload_json: { button: 'submit' }
       98 |       };
    >  99 |       const result = updateAnalyticsEventSchema.safeParse(data);
          |                                                 ^
      100 |       expect(result.success).toBe(true);
      101 |     });
      102 |

      at Object.inst._zod.parse (node_modules/zod/v4/core/schemas.cjs:1356:46)
      at Object.inst._zod.parse (node_modules/zod/v4/core/schemas.cjs:1588:35)
      at Object.inst._zod.parse (node_modules/zod/v4/core/schemas.cjs:1606:35)
      at eval (eval at compile (node_modules/zod/v4/core/doc.cjs:36:16), <anonymous>:23:44)
      at node_modules/zod/v4/core/schemas.cjs:896:34
      at Object.inst._zod.parse (node_modules/zod/v4/core/schemas.cjs:921:23)
      at Object.safeParse (node_modules/zod/v4/core/parse.cjs:61:32)
      at _.inst.safeParse (node_modules/zod/v4/classic/schemas.cjs:157:46)
      at Object.safeParse (src/tests/modules/analytics-event/schemas/analytics-event.schema.test.js:99:49)

FAIL src/tests/modules/kpi-snapshot/schemas/kpi-snapshot.schema.test.js
  ΓùÅ KPI Snapshot Schemas ΓÇ║ createKpiSnapshotSchema ΓÇ║ should trim string fields

    expect(received).toBe(expected) // Object.is equality

    Expected: true
    Received: false

      81 |       const data = { ...validData, name: '  Revenue  ', value: '  123.45  ' };
      82 |       const result = createKpiSnapshotSchema.safeParse(data);
    > 83 |       expect(result.success).toBe(true);
         |                              ^
      84 |       if (result.success) {
      85 |         expect(result.data.name).toBe('Revenue');
      86 |         expect(result.data.value).toBe('123.45');

      at Object.toBe (src/tests/modules/kpi-snapshot/schemas/kpi-snapshot.schema.test.js:83:30)

PASS src/tests/modules/message/schemas/message.schema.test.js
PASS src/tests/modules/patient-allergy/services/patient-allergy.service.test.js
PASS src/tests/modules/department/repositories/department.repository.test.js
PASS src/tests/modules/auth/services/auth.service.test.js
PASS src/tests/modules/ambulance-dispatch/controllers/ambulance-dispatch.controller.test.js
PASS src/tests/modules/ambulance-trip/services/ambulance-trip.service.test.js
PASS src/tests/modules/pricing-rule/services/pricing-rule.service.test.js
PASS src/tests/modules/user-profile/controllers/user-profile.controller.test.js
PASS src/tests/modules/patient-identifier/controllers/patient-identifier.controller.test.js
PASS src/tests/modules/maintenance-request/controllers/maintenance-request.controller.test.js
PASS src/tests/modules/ward/controllers/ward.controller.test.js
PASS src/tests/modules/appointment-participant/controllers/appointment-participant.controller.test.js
PASS src/tests/modules/ambulance-dispatch/repositories/ambulance-dispatch.repository.test.js
PASS src/tests/modules/ward/services/ward.service.test.js
PASS src/tests/modules/asset/schemas/asset.schema.test.js
PASS src/tests/modules/discharge-summary/schemas/discharge-summary.schema.test.js
PASS src/tests/modules/drug-batch/controllers/drug-batch.controller.test.js
PASS src/tests/modules/room/controllers/room.controller.test.js
PASS src/tests/modules/unit/schemas/unit.schema.test.js
PASS src/tests/modules/discharge-summary/controllers/discharge-summary.controller.test.js
PASS src/tests/modules/license/repositories/license.repository.test.js
PASS src/tests/modules/patient-guardian/repositories/patient-guardian.repository.test.js
PASS src/tests/modules/payroll-item/repositories/payroll-item.repository.test.js
PASS src/tests/modules/emergency-response/repositories/emergency-response.repository.test.js
PASS src/tests/modules/critical-alert/services/critical-alert.service.test.js
PASS src/tests/modules/inventory-item/services/inventory-item.service.test.js
PASS src/tests/modules/breach-notification/repositories/breach-notification.repository.test.js
PASS src/tests/modules/template-variable/controllers/template-variable.controller.test.js
PASS src/tests/modules/coverage-plan/schemas/coverage-plan.schema.test.js
PASS src/tests/modules/subscription/repositories/subscription.repository.test.js
PASS src/tests/modules/invoice/repositories/invoice.repository.test.js
PASS src/tests/modules/patient-document/services/patient-document.service.test.js
PASS src/tests/modules/lab-sample/schemas/lab-sample.schema.test.js
PASS src/tests/modules/report-run/services/report-run.service.test.js
PASS src/tests/modules/visit-queue/controllers/visit-queue.controller.test.js
PASS src/tests/modules/lab-order/repositories/lab-order.repository.test.js
PASS src/tests/modules/dispense-log/services/dispense-log.service.test.js
PASS src/tests/modules/subscription-invoice/services/subscription-invoice.service.test.js
PASS src/tests/modules/follow-up/schemas/follow-up.schema.test.js
PASS src/tests/modules/user-profile/schemas/user-profile.schema.test.js
PASS src/tests/modules/ambulance/schemas/ambulance.schema.test.js
PASS src/tests/modules/analytics-event/services/analytics-event.service.test.js
PASS src/tests/modules/terms-acceptance/controllers/terms-acceptance.controller.test.js
PASS src/tests/modules/radiology-test/schemas/radiology-test.schema.test.js
PASS src/tests/modules/payroll-item/controllers/payroll-item.controller.test.js
PASS src/tests/modules/ambulance-trip/schemas/ambulance-trip.schema.test.js
PASS src/tests/modules/ward-round/repositories/ward-round.repository.test.js
PASS src/tests/modules/subscription-plan/schemas/subscription-plan.schema.test.js
PASS src/tests/modules/encounter/repositories/encounter.repository.test.js
PASS src/tests/modules/system-change-log/repositories/system-change-log.repository.test.js
PASS src/tests/modules/clinical-note/schemas/clinical-note.schema.test.js
PASS src/tests/modules/auth/repositories/auth.repository.test.js
PASS src/tests/modules/bed-assignment/schemas/bed-assignment.schema.test.js
PASS src/tests/modules/notification-delivery/repositories/notification-delivery.repository.test.js
PASS src/tests/modules/insurance-claim/services/insurance-claim.service.test.js
PASS src/tests/modules/critical-alert/controllers/critical-alert.controller.test.js
PASS src/tests/modules/subscription-invoice/controllers/subscription-invoice.controller.test.js
PASS src/tests/modules/user/repositories/user.repository.test.js
PASS src/tests/modules/notification/controllers/notification.controller.test.js
PASS src/tests/modules/invoice/schemas/invoice.schema.test.js
PASS src/tests/modules/imaging-asset/schemas/imaging-asset.schema.test.js
PASS src/tests/modules/radiology-result/repositories/radiology-result.repository.test.js
PASS src/tests/modules/billing-adjustment/schemas/billing-adjustment.schema.test.js
PASS src/tests/modules/breach-notification/schemas/breach-notification.schema.test.js
PASS src/tests/modules/appointment/repositories/appointment.repository.test.js
PASS src/tests/modules/consent/schemas/consent.schema.test.js
PASS src/tests/modules/unit/controllers/unit.controller.test.js
PASS src/tests/modules/subscription/schemas/subscription.schema.test.js
PASS src/tests/modules/patient-guardian/controllers/patient-guardian.controller.test.js
PASS src/tests/modules/permission/repositories/permission.repository.test.js
PASS src/tests/modules/radiology-order/services/radiology-order.service.test.js
PASS src/tests/modules/appointment-reminder/services/appointment-reminder.service.test.js
PASS src/tests/modules/audit-log/controllers/audit-log.controller.test.js
PASS src/tests/modules/shift/controllers/shift.controller.test.js
PASS src/tests/modules/lab-result/controllers/lab-result.controller.test.js
PASS src/tests/modules/lab-panel/schemas/lab-panel.schema.test.js
PASS src/tests/modules/oauth-account/controllers/oauth-account.controller.test.js
PASS src/tests/modules/drug-batch/schemas/drug-batch.schema.test.js
PASS src/tests/modules/dispense-log/schemas/dispense-log.schema.test.js
PASS src/tests/modules/contact/repositories/contact.repository.test.js
PASS src/tests/modules/admission/repositories/admission.repository.test.js
PASS src/tests/modules/patient/repositories/patient.repository.test.js
PASS src/tests/modules/stock-adjustment/repositories/stock-adjustment.repository.test.js
PASS src/tests/modules/unit/repositories/unit.repository.test.js
PASS src/tests/modules/user/services/user.service.test.js
PASS src/tests/modules/user-mfa/services/user-mfa.service.test.js
PASS src/tests/modules/department/controllers/department.controller.test.js
PASS src/tests/modules/module-subscription/controllers/module-subscription.controller.test.js
PASS src/tests/modules/imaging-asset/controllers/imaging-asset.controller.test.js
PASS src/tests/modules/contact/schemas/contact.schema.test.js
PASS src/tests/modules/template/controllers/template.controller.test.js
PASS src/tests/modules/user/schemas/user.schema.test.js
PASS src/tests/modules/phi-access-log/repositories/phi-access-log.repository.test.js
PASS src/tests/modules/maintenance-request/schemas/maintenance-request.schema.test.js
PASS src/tests/modules/address/repositories/address.repository.test.js
PASS src/tests/modules/availability-slot/controllers/availability-slot.controller.test.js
PASS src/tests/modules/api-key-permission/services/api-key-permission.service.test.js
PASS src/tests/modules/patient-contact/repositories/patient-contact.repository.test.js
PASS src/tests/modules/drug-batch/repositories/drug-batch.repository.test.js
PASS src/tests/modules/adverse-event/controllers/adverse-event.controller.test.js
PASS src/tests/config/cors.test.js
PASS src/tests/modules/appointment-reminder/schemas/appointment-reminder.schema.test.js
PASS src/tests/modules/data-processing-log/repositories/data-processing-log.repository.test.js
PASS src/tests/modules/conversation/services/conversation.service.test.js
PASS src/tests/modules/housekeeping-schedule/controllers/housekeeping-schedule.controller.test.js
PASS src/tests/modules/bed/schemas/bed.schema.test.js
PASS src/tests/modules/notification/repositories/notification.repository.test.js
PASS src/tests/modules/diagnosis/schemas/diagnosis.schema.test.js
PASS src/tests/modules/consent/controllers/consent.controller.test.js
PASS src/tests/modules/critical-alert/repositories/critical-alert.repository.test.js
PASS src/tests/modules/purchase-order/repositories/purchase-order.repository.test.js
PASS src/tests/modules/analytics-event/repositories/analytics-event.repository.test.js
PASS src/tests/modules/lab-sample/services/lab-sample.service.test.js
PASS src/tests/modules/lab-result/repositories/lab-result.repository.test.js
PASS src/tests/modules/housekeeping-schedule/services/housekeeping-schedule.service.test.js
PASS src/tests/modules/emergency-case/repositories/emergency-case.repository.test.js
PASS src/tests/modules/availability-slot/services/availability-slot.service.test.js
PASS src/tests/modules/patient-medical-history/schemas/patient-medical-history.schema.test.js
PASS src/tests/modules/auth/controllers/auth.controller.test.js
PASS src/tests/modules/bed-assignment/controllers/bed-assignment.controller.test.js
PASS src/tests/modules/phi-access-log/schemas/phi-access-log.schema.test.js
PASS src/tests/modules/provider-schedule/repositories/provider-schedule.repository.test.js
PASS src/tests/modules/appointment/services/appointment.service.test.js
PASS src/tests/modules/bed/repositories/bed.repository.test.js
PASS src/tests/modules/care-plan/schemas/care-plan.schema.test.js
PASS src/tests/modules/emergency-case/schemas/emergency-case.schema.test.js
PASS src/tests/modules/patient/schemas/patient.schema.test.js
PASS src/tests/modules/user-mfa/repositories/user-mfa.repository.test.js
PASS src/tests/modules/clinical-alert/controllers/clinical-alert.controller.test.js
PASS src/tests/modules/phi-access-log/services/phi-access-log.service.test.js
PASS src/tests/modules/referral/controllers/referral.controller.test.js
PASS src/tests/modules/theatre-case/controllers/theatre-case.controller.test.js
PASS src/tests/modules/room/schemas/room.schema.test.js
PASS src/tests/modules/staff-profile/services/staff-profile.service.test.js
PASS src/tests/modules/module/services/module.service.test.js
PASS src/tests/modules/triage-assessment/repositories/triage-assessment.repository.test.js
PASS src/tests/modules/imaging-study/services/imaging-study.service.test.js
PASS src/tests/modules/template-variable/schemas/template-variable.schema.test.js
PASS src/tests/modules/notification-delivery/controllers/notification-delivery.controller.test.js
PASS src/tests/modules/medication-administration/repositories/medication-administration.repository.test.js
PASS src/tests/modules/invoice/services/invoice.service.test.js
PASS src/tests/modules/icu-observation/schemas/icu-observation.schema.test.js
PASS src/tests/modules/radiology-result/controllers/radiology-result.controller.test.js
PASS src/tests/modules/oauth-account/schemas/oauth-account.schema.test.js
PASS src/tests/modules/api-key-permission/repositories/api-key-permission.repository.test.js
PASS src/tests/modules/pre-authorization/controllers/pre-authorization.controller.test.js
PASS src/tests/modules/staff-assignment/repositories/staff-assignment.repository.test.js
PASS src/tests/modules/room/services/room.service.test.js
PASS src/tests/modules/role-permission/controllers/role-permission.controller.test.js
PASS src/tests/modules/radiology-result/services/radiology-result.service.test.js
PASS src/tests/modules/lab-order/services/lab-order.service.test.js
PASS src/tests/modules/user-mfa/schemas/user-mfa.schema.test.js
PASS src/tests/modules/audit-log/schemas/audit-log.schema.test.js
PASS src/tests/modules/radiology-test/services/radiology-test.service.test.js
PASS src/tests/modules/patient-medical-history/services/patient-medical-history.service.test.js
PASS src/tests/modules/notification/schemas/notification.schema.test.js
PASS src/tests/modules/subscription-invoice/schemas/subscription-invoice.schema.test.js
PASS src/tests/modules/subscription/services/subscription.service.test.js
PASS src/tests/modules/supplier/schemas/supplier.schema.test.js
PASS src/tests/modules/payroll-run/services/payroll-run.service.test.js
PASS src/tests/modules/lab-test/schemas/lab-test.schema.test.js
PASS src/tests/modules/inventory-stock/schemas/inventory-stock.schema.test.js
PASS src/tests/modules/inventory-item/controllers/inventory-item.controller.test.js
PASS src/tests/modules/ambulance-trip/controllers/ambulance-trip.controller.test.js
PASS src/tests/modules/provider-schedule/schemas/provider-schedule.schema.test.js
PASS src/tests/modules/data-processing-log/controllers/data-processing-log.controller.test.js
PASS src/tests/modules/webhook-subscription/services/webhook-subscription.service.test.js
PASS src/tests/modules/adverse-event/services/adverse-event.service.test.js
PASS src/tests/modules/system-change-log/schemas/system-change-log.schema.test.js
PASS src/tests/modules/discharge-summary/repositories/discharge-summary.repository.test.js
PASS src/tests/modules/bed/services/bed.service.test.js
PASS src/tests/modules/critical-alert/schemas/critical-alert.schema.test.js
PASS src/tests/modules/asset/controllers/asset.controller.test.js
PASS src/tests/modules/imaging-study/controllers/imaging-study.controller.test.js
PASS src/tests/modules/report-definition/repositories/report-definition.repository.test.js
PASS src/tests/modules/purchase-request/schemas/purchase-request.schema.test.js
PASS src/tests/modules/room/repositories/room.repository.test.js
PASS src/tests/modules/webhook-subscription/controllers/webhook-subscription.controller.test.js
PASS src/tests/modules/integration/repositories/integration.repository.test.js
PASS src/tests/modules/housekeeping-task/schemas/housekeeping-task.schema.test.js
PASS src/tests/modules/lab-test/controllers/lab-test.controller.test.js
PASS src/tests/modules/license/controllers/license.controller.test.js
PASS src/tests/modules/api-key/services/api-key.service.test.js
PASS src/tests/modules/medication-administration/controllers/medication-administration.controller.test.js
PASS src/tests/modules/message/services/message.service.test.js
PASS src/tests/modules/permission/schemas/permission.schema.test.js
PASS src/tests/modules/post-op-note/repositories/post-op-note.repository.test.js
PASS src/tests/modules/patient-allergy/repositories/patient-allergy.repository.test.js
PASS src/tests/modules/visit-queue/services/visit-queue.service.test.js
PASS src/tests/modules/asset-service-log/services/asset-service-log.service.test.js
PASS src/tests/modules/supplier/services/supplier.service.test.js
PASS src/tests/modules/pre-authorization/repositories/pre-authorization.repository.test.js
PASS src/tests/modules/staff-leave/repositories/staff-leave.repository.test.js
PASS src/tests/modules/discharge-summary/services/discharge-summary.service.test.js
PASS src/tests/modules/asset/repositories/asset.repository.test.js
PASS src/tests/modules/unit/services/unit.service.test.js
PASS src/tests/modules/module/schemas/module.schema.test.js
PASS src/tests/modules/emergency-response/schemas/emergency-response.schema.test.js
PASS src/tests/modules/transfer-request/schemas/transfer-request.schema.test.js
PASS src/tests/modules/module-subscription/schemas/module-subscription.schema.test.js
PASS src/tests/modules/conversation/schemas/conversation.schema.test.js
PASS src/tests/modules/appointment-participant/schemas/appointment-participant.schema.test.js
PASS src/tests/modules/module-subscription/repositories/module-subscription.repository.test.js
PASS src/tests/modules/purchase-order/schemas/purchase-order.schema.test.js
PASS src/tests/modules/terms-acceptance/repositories/terms-acceptance.repository.test.js
PASS src/tests/modules/stock-movement/schemas/stock-movement.schema.test.js
PASS src/tests/modules/lab-sample/controllers/lab-sample.controller.test.js
PASS src/tests/modules/admission/schemas/admission.schema.test.js
PASS src/tests/modules/icu-stay/controllers/icu-stay.controller.test.js
PASS src/tests/modules/maintenance-request/services/maintenance-request.service.test.js
PASS src/tests/modules/subscription-plan/repositories/subscription-plan.repository.test.js
PASS src/tests/modules/integration-log/repositories/integration-log.repository.test.js
PASS src/tests/modules/asset-service-log/schemas/asset-service-log.schema.test.js
PASS src/tests/modules/terms-acceptance/services/terms-acceptance.service.test.js
PASS src/tests/modules/theatre-case/services/theatre-case.service.test.js
PASS src/tests/modules/role/schemas/role.schema.test.js
PASS src/tests/modules/transfer-request/services/transfer-request.service.test.js
PASS src/tests/modules/patient-identifier/services/patient-identifier.service.test.js
PASS src/tests/modules/consent/services/consent.service.test.js
PASS src/tests/modules/appointment-participant/services/appointment-participant.service.test.js
PASS src/tests/modules/pharmacy-order/services/pharmacy-order.service.test.js
PASS src/tests/modules/permission/controllers/permission.controller.test.js
PASS src/tests/modules/patient/services/patient.service.test.js
PASS src/tests/modules/icu-stay/services/icu-stay.service.test.js
PASS src/tests/modules/housekeeping-task/controllers/housekeeping-task.controller.test.js
PASS src/tests/modules/websockets/websocket.gateway.test.js
PASS src/tests/modules/encounter/schemas/encounter.schema.test.js
PASS src/tests/modules/dashboard-widget/repositories/dashboard-widget.repository.test.js
PASS src/tests/modules/auth/schemas/auth.schema.test.js
PASS src/tests/modules/user-role/schemas/user-role.schema.test.js
PASS src/tests/modules/stock-adjustment/schemas/stock-adjustment.schema.test.js
PASS src/tests/modules/pre-authorization/services/pre-authorization.service.test.js
PASS src/tests/modules/pacs-link/services/pacs-link.service.test.js
PASS src/tests/modules/pacs-link/controllers/pacs-link.controller.test.js
PASS src/tests/modules/admission/services/admission.service.test.js
PASS src/tests/modules/user-profile/repositories/user-profile.repository.test.js
PASS src/tests/modules/address/controllers/address.controller.test.js
PASS src/tests/modules/procedure/repositories/procedure.repository.test.js
PASS src/tests/modules/ward-round/schemas/ward-round.schema.test.js
PASS src/tests/modules/lab-test/services/lab-test.service.test.js
PASS src/tests/modules/patient-allergy/schemas/patient-allergy.schema.test.js
PASS src/tests/modules/module-subscription/services/module-subscription.service.test.js
PASS src/tests/modules/module/repositories/module.repository.test.js
PASS src/tests/modules/vital-sign/repositories/vital-sign.repository.test.js
PASS src/tests/modules/stock-movement/services/stock-movement.service.test.js
PASS src/tests/modules/patient-medical-history/repositories/patient-medical-history.repository.test.js
PASS src/tests/modules/lab-qc-log/services/lab-qc-log.service.test.js
PASS src/tests/middlewares/rateLimit.middleware.test.js
PASS src/tests/modules/terms-acceptance/schemas/terms-acceptance.schema.test.js
PASS src/tests/modules/subscription-plan/controllers/subscription-plan.controller.test.js
PASS src/tests/modules/purchase-request/repositories/purchase-request.repository.test.js
PASS src/tests/modules/template/schemas/template.schema.test.js
PASS src/tests/modules/appointment-reminder/controllers/appointment-reminder.controller.test.js
PASS src/tests/modules/patient-contact/schemas/patient-contact.schema.test.js
PASS src/tests/modules/kpi-snapshot/controllers/kpi-snapshot.controller.test.js
PASS src/tests/modules/imaging-asset/repositories/imaging-asset.repository.test.js
PASS src/tests/modules/lab-result/services/lab-result.service.test.js
PASS src/tests/lib/i18n.test.js
PASS src/tests/modules/pharmacy-order/repositories/pharmacy-order.repository.test.js
PASS src/tests/modules/template-variable/repositories/template-variable.repository.test.js
PASS src/tests/modules/license/schemas/license.schema.test.js
PASS src/tests/modules/report-run/repositories/report-run.repository.test.js
PASS src/tests/modules/medication-administration/schemas/medication-administration.schema.test.js
PASS src/tests/modules/formulary-item/controllers/formulary-item.controller.test.js
PASS src/tests/modules/audit-log/services/audit-log.service.test.js
PASS src/tests/modules/asset-service-log/controllers/asset-service-log.controller.test.js
PASS src/tests/modules/lab-test/repositories/lab-test.repository.test.js
PASS src/tests/modules/radiology-test/repositories/radiology-test.repository.test.js
PASS src/tests/modules/report-definition/services/report-definition.service.test.js
PASS src/tests/modules/pre-authorization/schemas/pre-authorization.schema.test.js
PASS src/tests/modules/license/services/license.service.test.js
PASS src/tests/modules/data-processing-log/schemas/data-processing-log.schema.test.js
PASS src/tests/modules/message/controllers/message.controller.test.js
PASS src/tests/modules/icu-stay/repositories/icu-stay.repository.test.js
PASS src/tests/modules/care-plan/repositories/care-plan.repository.test.js
PASS src/tests/modules/user-profile/services/user-profile.service.test.js
PASS src/tests/modules/radiology-result/schemas/radiology-result.schema.test.js
PASS src/tests/modules/patient-document/repositories/patient-document.repository.test.js
PASS src/tests/modules/vital-sign/services/vital-sign.service.test.js
PASS src/tests/modules/goods-receipt/schemas/goods-receipt.schema.test.js
PASS src/tests/modules/data-processing-log/services/data-processing-log.service.test.js
PASS src/tests/modules/dispense-log/controllers/dispense-log.controller.test.js
PASS src/tests/modules/bed-assignment/services/bed-assignment.service.test.js
PASS src/tests/modules/ambulance-dispatch/services/ambulance-dispatch.service.test.js
PASS src/tests/modules/system-change-log/services/system-change-log.service.test.js
PASS src/tests/modules/patient-contact/services/patient-contact.service.test.js
PASS src/tests/modules/lab-qc-log/controllers/lab-qc-log.controller.test.js
PASS src/tests/modules/user-session/schemas/user-session.schema.test.js
PASS src/tests/modules/referral/services/referral.service.test.js
PASS src/tests/modules/audit-log/repositories/audit-log.repository.test.js
PASS src/tests/modules/adverse-event/schemas/adverse-event.schema.test.js
PASS src/tests/modules/bed/controllers/bed.controller.test.js
PASS src/tests/modules/user-role/controllers/user-role.controller.test.js
PASS src/tests/modules/contact/controllers/contact.controller.test.js
PASS src/tests/modules/procedure/schemas/procedure.schema.test.js
PASS src/tests/modules/notification/services/notification.service.test.js
PASS src/tests/modules/formulary-item/services/formulary-item.service.test.js
PASS src/tests/modules/payroll-run/repositories/payroll-run.repository.test.js
PASS src/tests/modules/notification-delivery/services/notification-delivery.service.test.js
PASS src/tests/modules/conversation/repositories/conversation.repository.test.js
PASS src/tests/modules/tenant/controllers/tenant.controller.test.js
PASS src/tests/modules/clinical-alert/schemas/clinical-alert.schema.test.js
PASS src/tests/modules/user-mfa/controllers/user-mfa.controller.test.js
PASS src/tests/modules/radiology-order/repositories/radiology-order.repository.test.js
PASS src/tests/modules/imaging-asset/services/imaging-asset.service.test.js
PASS src/tests/modules/transfer-request/controllers/transfer-request.controller.test.js
PASS src/tests/modules/stock-movement/controllers/stock-movement.controller.test.js
PASS src/tests/modules/staff-leave/services/staff-leave.service.test.js
PASS src/tests/modules/ward/schemas/ward.schema.test.js
PASS src/tests/modules/supplier/repositories/supplier.repository.test.js
PASS src/tests/modules/phi-access-log/controllers/phi-access-log.controller.test.js
PASS src/tests/modules/branch/controllers/branch.controller.test.js
PASS src/tests/modules/address/services/address.service.test.js
PASS src/tests/modules/visit-queue/repositories/visit-queue.repository.test.js
PASS src/tests/modules/role/controllers/role.controller.test.js
PASS src/tests/modules/nursing-note/services/nursing-note.service.test.js
PASS src/tests/modules/drug/services/drug.service.test.js
PASS src/tests/modules/theatre-case/repositories/theatre-case.repository.test.js
PASS src/tests/modules/role-permission/repositories/role-permission.repository.test.js
PASS src/tests/modules/lab-panel/services/lab-panel.service.test.js
PASS src/tests/modules/lab-panel/repositories/lab-panel.repository.test.js
PASS src/tests/modules/drug/schemas/drug.schema.test.js
PASS src/tests/modules/webhook-subscription/schemas/webhook-subscription.schema.test.js
PASS src/tests/modules/shift/services/shift.service.test.js
PASS src/tests/modules/provider-schedule/services/provider-schedule.service.test.js
PASS src/tests/modules/payroll-item/services/payroll-item.service.test.js
PASS src/tests/modules/drug-batch/services/drug-batch.service.test.js
PASS src/tests/modules/subscription/controllers/subscription.controller.test.js
PASS src/tests/modules/triage-assessment/schemas/triage-assessment.schema.test.js
PASS src/tests/modules/system-change-log/controllers/system-change-log.controller.test.js
PASS src/tests/modules/patient-contact/controllers/patient-contact.controller.test.js
PASS src/tests/modules/branch/repositories/branch.repository.test.js
PASS src/tests/modules/patient-guardian/schemas/patient-guardian.schema.test.js
PASS src/tests/modules/follow-up/repositories/follow-up.repository.test.js
PASS src/tests/modules/dashboard-widget/controllers/dashboard-widget.controller.test.js
PASS src/tests/modules/follow-up/controllers/follow-up.controller.test.js
PASS src/tests/modules/breach-notification/services/breach-notification.service.test.js
PASS src/tests/modules/follow-up/services/follow-up.service.test.js
PASS src/tests/modules/consent/repositories/consent.repository.test.js
PASS src/tests/modules/vital-sign/schemas/vital-sign.schema.test.js
PASS src/tests/modules/api-key/controllers/api-key.controller.test.js
PASS src/tests/modules/staff-assignment/services/staff-assignment.service.test.js
PASS src/tests/modules/address/schemas/address.schema.test.js
PASS src/tests/modules/lab-order/schemas/lab-order.schema.test.js
PASS src/tests/modules/bed-assignment/repositories/bed-assignment.repository.test.js
PASS src/tests/modules/pacs-link/repositories/pacs-link.repository.test.js
PASS src/tests/modules/imaging-study/repositories/imaging-study.repository.test.js
PASS src/tests/modules/clinical-alert/repositories/clinical-alert.repository.test.js
PASS src/tests/modules/radiology-order/controllers/radiology-order.controller.test.js
PASS src/tests/modules/patient-document/schemas/patient-document.schema.test.js
PASS src/tests/modules/patient/controllers/patient.controller.test.js
PASS src/tests/modules/formulary-item/schemas/formulary-item.schema.test.js
PASS src/tests/modules/ward-round/controllers/ward-round.controller.test.js
PASS src/tests/modules/transfer-request/repositories/transfer-request.repository.test.js
PASS src/tests/modules/housekeeping-task/services/housekeeping-task.service.test.js
PASS src/tests/modules/billing-adjustment/repositories/billing-adjustment.repository.test.js
PASS src/tests/modules/staff-profile/repositories/staff-profile.repository.test.js
PASS src/tests/modules/pharmacy-order/controllers/pharmacy-order.controller.test.js
PASS src/tests/modules/user-session/services/user-session.service.test.js
PASS src/tests/modules/ambulance-trip/repositories/ambulance-trip.repository.test.js
PASS src/tests/modules/role-permission/schemas/role-permission.schema.test.js
PASS src/tests/modules/template/services/template.service.test.js
PASS src/tests/modules/oauth-account/repositories/oauth-account.repository.test.js
PASS src/tests/modules/availability-slot/schemas/availability-slot.schema.test.js
PASS src/tests/modules/provider-schedule/controllers/provider-schedule.controller.test.js
PASS src/tests/modules/patient-identifier/repositories/patient-identifier.repository.test.js
PASS src/tests/modules/nursing-note/controllers/nursing-note.controller.test.js
PASS src/tests/modules/asset/services/asset.service.test.js
PASS src/tests/modules/storage/services/storage.service.test.js
PASS src/tests/modules/anesthesia-record/repositories/anesthesia-record.repository.test.js
PASS src/tests/modules/patient-identifier/schemas/patient-identifier.schema.test.js
PASS src/tests/modules/billing-adjustment/services/billing-adjustment.service.test.js
PASS src/tests/modules/tenant/services/tenant.service.test.js
PASS src/tests/modules/inventory-stock/controllers/inventory-stock.controller.test.js
PASS src/tests/modules/breach-notification/controllers/breach-notification.controller.test.js
PASS src/tests/modules/ambulance/controllers/ambulance.controller.test.js
PASS src/tests/modules/housekeeping-schedule/repositories/housekeeping-schedule.repository.test.js
PASS src/tests/modules/staff-assignment/controllers/staff-assignment.controller.test.js
PASS src/tests/modules/medication-administration/services/medication-administration.service.test.js
PASS src/tests/modules/subscription-plan/services/subscription-plan.service.test.js
PASS src/tests/modules/oauth-account/services/oauth-account.service.test.js
PASS src/tests/modules/contact/services/contact.service.test.js
PASS src/tests/modules/analytics-event/controllers/analytics-event.controller.test.js
PASS src/tests/modules/user-session/repositories/user-session.repository.test.js
PASS src/tests/modules/lab-panel/controllers/lab-panel.controller.test.js
PASS src/tests/modules/availability-slot/repositories/availability-slot.repository.test.js
PASS src/tests/modules/module/controllers/module.controller.test.js
PASS src/tests/modules/integration/controllers/integration.controller.test.js
PASS src/tests/modules/branch/schemas/branch.schema.test.js
PASS src/tests/modules/coverage-plan/repositories/coverage-plan.repository.test.js
PASS src/tests/modules/report-run/controllers/report-run.controller.test.js
PASS src/tests/modules/integration/services/integration.service.test.js
PASS src/tests/modules/conversation/controllers/conversation.controller.test.js
PASS src/tests/modules/lab-sample/repositories/lab-sample.repository.test.js
PASS src/tests/modules/integration-log/controllers/integration-log.controller.test.js
PASS src/tests/modules/care-plan/services/care-plan.service.test.js
PASS src/tests/modules/adverse-event/repositories/adverse-event.repository.test.js
PASS src/tests/modules/staff-leave/controllers/staff-leave.controller.test.js
PASS src/tests/modules/shift/repositories/shift.repository.test.js
PASS src/tests/modules/icu-observation/services/icu-observation.service.test.js
PASS src/tests/modules/appointment-participant/repositories/appointment-participant.repository.test.js
PASS src/tests/modules/api-key-permission/controllers/api-key-permission.controller.test.js
PASS src/tests/modules/ambulance-dispatch/schemas/ambulance-dispatch.schema.test.js
PASS src/tests/modules/ward-round/services/ward-round.service.test.js
PASS src/tests/modules/report-definition/controllers/report-definition.controller.test.js
PASS src/tests/modules/template/repositories/template.repository.test.js
PASS src/tests/modules/kpi-snapshot/services/kpi-snapshot.service.test.js
PASS src/tests/modules/imaging-study/schemas/imaging-study.schema.test.js
PASS src/tests/modules/coverage-plan/services/coverage-plan.service.test.js
PASS src/tests/modules/integration-log/services/integration-log.service.test.js
PASS src/tests/modules/subscription-invoice/repositories/subscription-invoice.repository.test.js
PASS src/tests/modules/care-plan/controllers/care-plan.controller.test.js
PASS src/tests/modules/clinical-note/repositories/clinical-note.repository.test.js
PASS src/tests/modules/housekeeping-task/repositories/housekeeping-task.repository.test.js
PASS src/tests/modules/radiology-order/schemas/radiology-order.schema.test.js
PASS src/tests/modules/icu-observation/controllers/icu-observation.controller.test.js
PASS src/tests/modules/shift/schemas/shift.schema.test.js
PASS src/tests/modules/webhook-subscription/repositories/webhook-subscription.repository.test.js
PASS src/tests/modules/vital-sign/controllers/vital-sign.controller.test.js
PASS src/tests/modules/staff-profile/controllers/staff-profile.controller.test.js
PASS src/tests/modules/insurance-claim/schemas/insurance-claim.schema.test.js
PASS src/tests/modules/diagnosis/repositories/diagnosis.repository.test.js
PASS src/tests/modules/api-key/repositories/api-key.repository.test.js
PASS src/tests/modules/maintenance-request/repositories/maintenance-request.repository.test.js
PASS src/tests/modules/branch/services/branch.service.test.js
PASS src/tests/modules/department/schemas/department.schema.test.js
PASS src/tests/modules/pharmacy-order/schemas/pharmacy-order.schema.test.js
PASS src/tests/modules/inventory-stock/services/inventory-stock.service.test.js
PASS src/tests/modules/integration-log/schemas/integration-log.schema.test.js
PASS src/tests/modules/housekeeping-schedule/schemas/housekeeping-schedule.schema.test.js
PASS src/tests/modules/patient-guardian/services/patient-guardian.service.test.js
PASS src/tests/modules/stock-movement/repositories/stock-movement.repository.test.js
PASS src/tests/modules/role/repositories/role.repository.test.js
PASS src/tests/modules/insurance-claim/controllers/insurance-claim.controller.test.js
PASS src/tests/modules/post-op-note/schemas/post-op-note.schema.test.js
PASS src/tests/modules/lab-result/schemas/lab-result.schema.test.js
PASS src/tests/modules/drug/repositories/drug.repository.test.js
PASS src/tests/modules/nursing-note/schemas/nursing-note.schema.test.js
PASS src/tests/modules/pacs-link/schemas/pacs-link.schema.test.js
PASS src/tests/modules/integration/schemas/integration.schema.test.js
PASS src/tests/modules/ambulance/repositories/ambulance.repository.test.js
PASS src/tests/modules/asset-service-log/repositories/asset-service-log.repository.test.js
PASS src/tests/modules/ambulance/services/ambulance.service.test.js
PASS src/tests/modules/admission/controllers/admission.controller.test.js
PASS src/tests/modules/insurance-claim/repositories/insurance-claim.repository.test.js
PASS src/tests/modules/tenant/schemas/tenant.schema.test.js
PASS src/tests/modules/tenant/repositories/tenant.repository.test.js
PASS src/tests/modules/template-variable/services/template-variable.service.test.js
PASS src/tests/modules/payroll-run/controllers/payroll-run.controller.test.js
PASS src/tests/modules/goods-receipt/repositories/goods-receipt.repository.test.js
PASS src/tests/modules/api-key/schemas/api-key.schema.test.js
PASS src/tests/modules/icu-stay/schemas/icu-stay.schema.test.js
PASS src/tests/modules/theatre-case/schemas/theatre-case.schema.test.js
PASS src/tests/modules/ward/repositories/ward.repository.test.js
PASS src/tests/modules/formulary-item/repositories/formulary-item.repository.test.js
PASS src/tests/modules/anesthesia-record/schemas/anesthesia-record.schema.test.js
PASS src/tests/modules/drug/controllers/drug.controller.test.js
PASS src/tests/modules/nursing-note/repositories/nursing-note.repository.test.js
PASS src/tests/modules/lab-qc-log/repositories/lab-qc-log.repository.test.js
PASS src/tests/modules/inventory-item/schemas/inventory-item.schema.test.js
PASS src/tests/modules/user-session/controllers/user-session.controller.test.js
PASS src/tests/modules/inventory-item/repositories/inventory-item.repository.test.js
PASS src/tests/modules/clinical-alert/services/clinical-alert.service.test.js
PASS src/tests/modules/appointment-reminder/repositories/appointment-reminder.repository.test.js
PASS src/tests/modules/icu-observation/repositories/icu-observation.repository.test.js
PASS src/tests/modules/lab-qc-log/schemas/lab-qc-log.schema.test.js
PASS src/tests/modules/inventory-stock/repositories/inventory-stock.repository.test.js
PASS src/tests/modules/kpi-snapshot/repositories/kpi-snapshot.repository.test.js
PASS src/tests/modules/dispense-log/repositories/dispense-log.repository.test.js
PASS src/tests/modules/billing-adjustment/controllers/billing-adjustment.controller.test.js
PASS src/tests/modules/pricing-rule/schemas/pricing-rule.schema.test.js
PASS src/tests/modules/notification-delivery/schemas/notification-delivery.schema.test.js
PASS src/tests/modules/message/repositories/message.repository.test.js
PASS src/tests/modules/user-role/repositories/user-role.repository.test.js
PASS src/tests/modules/pricing-rule/repositories/pricing-rule.repository.test.js
PASS src/tests/modules/api-key-permission/schemas/api-key-permission.schema.test.js
D:\coding\apps\hms\hms-backend\src\modules\supplier\controllers\supplier.controller.js:81
  sendCreated(res, supplier, 'messages.supplier.created', req.locale);
  ^

[TypeError: sendCreated is not a function]

Node.js v24.11.1
D:\coding\apps\hms\hms-backend\src\tests\modules\user\controllers\user.controller.test.js:103
      const error = new Error('Service error');
                    ^

[Error: Service error]

Node.js v24.11.1
D:\coding\apps\hms\hms-backend\src\modules\supplier\controllers\supplier.controller.js:81
  sendCreated(res, supplier, 'messages.supplier.created', req.locale);
  ^

[TypeError: sendCreated is not a function]

Node.js v24.11.1
D:\coding\apps\hms\hms-backend\src\tests\modules\user\controllers\user.controller.test.js:103
      const error = new Error('Service error');
                    ^

[Error: Service error]

Node.js v24.11.1
D:\coding\apps\hms\hms-backend\src\modules\supplier\controllers\supplier.controller.js:81
  sendCreated(res, supplier, 'messages.supplier.created', req.locale);
  ^

[TypeError: sendCreated is not a function]

Node.js v24.11.1
D:\coding\apps\hms\hms-backend\src\tests\modules\user\controllers\user.controller.test.js:103
      const error = new Error('Service error');
                    ^

[Error: Service error]

Node.js v24.11.1
D:\coding\apps\hms\hms-backend\src\modules\supplier\controllers\supplier.controller.js:81
  sendCreated(res, supplier, 'messages.supplier.created', req.locale);
  ^

[TypeError: sendCreated is not a function]

Node.js v24.11.1
FAIL src/tests/modules/supplier/controllers/supplier.controller.test.js
  ΓùÅ Test suite failed to run

    Jest worker encountered 4 child process exceptions, exceeding retry limit

      at ChildProcessWorker.initialize (node_modules/jest-worker/build/index.js:805:21)

D:\coding\apps\hms\hms-backend\src\tests\modules\user\controllers\user.controller.test.js:103
      const error = new Error('Service error');
                    ^

[Error: Service error]

Node.js v24.11.1
FAIL src/tests/modules/user/controllers/user.controller.test.js
  ΓùÅ Test suite failed to run

    Jest worker encountered 4 child process exceptions, exceeding retry limit

      at ChildProcessWorker.initialize (node_modules/jest-worker/build/index.js:805:21)

D:\coding\apps\hms\hms-backend\src\tests\modules\radiology-test\controllers\radiology-test.controller.test.js:204
      const error = new Error('Service error');
                    ^

[Error: Service error]

Node.js v24.11.1
D:\coding\apps\hms\hms-backend\src\lib\response\noContent.js:11
  return res.status(204).send();
                         ^

[TypeError: res.status(...).send is not a function]

Node.js v24.11.1
D:\coding\apps\hms\hms-backend\src\tests\modules\radiology-test\controllers\radiology-test.controller.test.js:204
      const error = new Error('Service error');
                    ^

[Error: Service error]

Node.js v24.11.1
D:\coding\apps\hms\hms-backend\src\lib\response\noContent.js:11
  return res.status(204).send();
                         ^

[TypeError: res.status(...).send is not a function]

Node.js v24.11.1
D:\coding\apps\hms\hms-backend\src\tests\modules\radiology-test\controllers\radiology-test.controller.test.js:204
      const error = new Error('Service error');
                    ^

[Error: Service error]

Node.js v24.11.1
D:\coding\apps\hms\hms-backend\src\lib\response\noContent.js:11
  return res.status(204).send();
                         ^

[TypeError: res.status(...).send is not a function]

Node.js v24.11.1
D:\coding\apps\hms\hms-backend\src\tests\modules\radiology-test\controllers\radiology-test.controller.test.js:204
      const error = new Error('Service error');
                    ^

[Error: Service error]

Node.js v24.11.1
FAIL src/tests/modules/radiology-test/controllers/radiology-test.controller.test.js
  ΓùÅ Test suite failed to run

    Jest worker encountered 4 child process exceptions, exceeding retry limit

      at ChildProcessWorker.initialize (node_modules/jest-worker/build/index.js:805:21)

D:\coding\apps\hms\hms-backend\src\lib\response\noContent.js:11
  return res.status(204).send();
                         ^

[TypeError: res.status(...).send is not a function]

Node.js v24.11.1
FAIL src/tests/modules/pricing-rule/controllers/pricing-rule.controller.test.js
  ΓùÅ Test suite failed to run

    Jest worker encountered 4 child process exceptions, exceeding retry limit

      at ChildProcessWorker.initialize (node_modules/jest-worker/build/index.js:805:21)

D:\coding\apps\hms\hms-backend\src\tests\modules\invoice\controllers\invoice.controller.test.js:107
      const error = new Error('Service error');
                    ^

[Error: Service error]

Node.js v24.11.1
D:\coding\apps\hms\hms-backend\src\modules\emergency-case\controllers\emergency-case.controller.js:120
  sendNoContent(res);
  ^

[ReferenceError: sendNoContent is not defined]

Node.js v24.11.1
D:\coding\apps\hms\hms-backend\src\tests\modules\invoice\controllers\invoice.controller.test.js:107
      const error = new Error('Service error');
                    ^

[Error: Service error]

Node.js v24.11.1
D:\coding\apps\hms\hms-backend\src\modules\emergency-case\controllers\emergency-case.controller.js:120
  sendNoContent(res);
  ^

[ReferenceError: sendNoContent is not defined]

Node.js v24.11.1
D:\coding\apps\hms\hms-backend\src\tests\modules\invoice\controllers\invoice.controller.test.js:107
      const error = new Error('Service error');
                    ^

[Error: Service error]

Node.js v24.11.1
D:\coding\apps\hms\hms-backend\src\modules\emergency-case\controllers\emergency-case.controller.js:120
  sendNoContent(res);
  ^

[ReferenceError: sendNoContent is not defined]

Node.js v24.11.1
D:\coding\apps\hms\hms-backend\src\tests\modules\invoice\controllers\invoice.controller.test.js:107
      const error = new Error('Service error');
                    ^

[Error: Service error]

Node.js v24.11.1
FAIL src/tests/modules/invoice/controllers/invoice.controller.test.js
  ΓùÅ Test suite failed to run

    Jest worker encountered 4 child process exceptions, exceeding retry limit

      at ChildProcessWorker.initialize (node_modules/jest-worker/build/index.js:805:21)

D:\coding\apps\hms\hms-backend\src\modules\emergency-case\controllers\emergency-case.controller.js:120
  sendNoContent(res);
  ^

[ReferenceError: sendNoContent is not defined]

Node.js v24.11.1
FAIL src/tests/modules/emergency-case/controllers/emergency-case.controller.test.js
  ΓùÅ Test suite failed to run

    Jest worker encountered 4 child process exceptions, exceeding retry limit

      at ChildProcessWorker.initialize (node_modules/jest-worker/build/index.js:805:21)

D:\coding\apps\hms\hms-backend\src\lib\response\noContent.js:11
  return res.status(204).send();
                         ^

[TypeError: res.status(...).send is not a function]

Node.js v24.11.1
D:\coding\apps\hms\hms-backend\src\tests\modules\appointment\controllers\appointment.controller.test.js:105
      const error = new Error('Service error');
                    ^

[Error: Service error]

Node.js v24.11.1
D:\coding\apps\hms\hms-backend\src\lib\response\noContent.js:11
  return res.status(204).send();
                         ^

[TypeError: res.status(...).send is not a function]

Node.js v24.11.1
D:\coding\apps\hms\hms-backend\src\tests\modules\appointment\controllers\appointment.controller.test.js:105
      const error = new Error('Service error');
                    ^

[Error: Service error]

Node.js v24.11.1
D:\coding\apps\hms\hms-backend\src\lib\response\noContent.js:11
  return res.status(204).send();
                         ^

[TypeError: res.status(...).send is not a function]

Node.js v24.11.1
D:\coding\apps\hms\hms-backend\src\tests\modules\appointment\controllers\appointment.controller.test.js:105
      const error = new Error('Service error');
                    ^

[Error: Service error]

Node.js v24.11.1
D:\coding\apps\hms\hms-backend\src\lib\response\noContent.js:11
  return res.status(204).send();
                         ^

[TypeError: res.status(...).send is not a function]

Node.js v24.11.1
FAIL src/tests/modules/coverage-plan/controllers/coverage-plan.controller.test.js
  ΓùÅ Test suite failed to run

    Jest worker encountered 4 child process exceptions, exceeding retry limit

      at ChildProcessWorker.initialize (node_modules/jest-worker/build/index.js:805:21)

D:\coding\apps\hms\hms-backend\src\tests\modules\appointment\controllers\appointment.controller.test.js:105
      const error = new Error('Service error');
                    ^

[Error: Service error]

Node.js v24.11.1
FAIL src/tests/modules/appointment/controllers/appointment.controller.test.js
  ΓùÅ Test suite failed to run

    Jest worker encountered 4 child process exceptions, exceeding retry limit

      at ChildProcessWorker.initialize (node_modules/jest-worker/build/index.js:805:21)

Summary of all failing tests
FAIL src/tests/modules/dashboard-widget/services/dashboard-widget.service.test.js
  ΓùÅ Dashboard Widget Service ΓÇ║ listDashboardWidgets ΓÇ║ should apply filters correctly

    expect(jest.fn()).toHaveBeenCalledWith(...expected)

    - Expected
    + Received

      {"tenant_id": "660e8400-e29b-41d4-a716-446655440000"},
      0,
      20,
      {"created_at": "desc"},
    - {},

    Number of calls: 1

      77 |       );
      78 |
    > 79 |       expect(dashboardWidgetRepository.findMany).toHaveBeenCalledWith(
         |                                                  ^
      80 |         { tenant_id: filters.tenant_id },
      81 |         0,
      82 |         20,

      at Object.toHaveBeenCalledWith 
(src/tests/modules/dashboard-widget/services/dashboard-widget.service.test.js:79:50)

  ΓùÅ Dashboard Widget Service ΓÇ║ listDashboardWidgets ΓÇ║ should handle search filter

    expect(jest.fn()).toHaveBeenCalledWith(...expected)

    - Expected
    + Received

      {"OR": [{"name": {"contains": "dashboard"}}]},
      0,
      20,
      {"created_at": "desc"},
    - {},

    Number of calls: 1

      101 |       );
      102 |
    > 103 |       expect(dashboardWidgetRepository.findMany).toHaveBeenCalledWith(
          |                                                  ^
      104 |         { OR: [{ name: { contains: 'dashboard' } }] },
      105 |         0,
      106 |         20,

      at Object.toHaveBeenCalledWith 
(src/tests/modules/dashboard-widget/services/dashboard-widget.service.test.js:103:50)

FAIL src/tests/modules/anesthesia-record/controllers/anesthesia-record.controller.test.js
  ΓùÅ Anesthesia record Controller ΓÇ║ listanesthesiaRecords ΓÇ║ should list Anesthesia records with default pagination

    TypeError: Cannot read properties of undefined (reading 'mockResolvedValue')

      55 |     it('should list Anesthesia records with default pagination', async () => {
      56 |       req.query = {};
    > 57 |       anesthesiaRecordService.listanesthesiaRecords.mockResolvedValue(mockResult);
         |                                                     ^
      58 |
      59 |       await anesthesiaRecordController.listanesthesiaRecords(req, res);
      60 |

      at Object.mockResolvedValue 
(src/tests/modules/anesthesia-record/controllers/anesthesia-record.controller.test.js:57:53)

  ΓùÅ Anesthesia record Controller ΓÇ║ listanesthesiaRecords ΓÇ║ should list Anesthesia records with custom pagination

    TypeError: Cannot read properties of undefined (reading 'mockResolvedValue')

      78 |     it('should list Anesthesia records with custom pagination', async () => {
      79 |       req.query = { page: '2', limit: '10', sort_by: 'scheduled_at', order: 'desc' };
    > 80 |       anesthesiaRecordService.listanesthesiaRecords.mockResolvedValue(mockResult);
         |                                                     ^
      81 |
      82 |       await anesthesiaRecordController.listanesthesiaRecords(req, res);
      83 |

      at Object.mockResolvedValue 
(src/tests/modules/anesthesia-record/controllers/anesthesia-record.controller.test.js:80:53)

  ΓùÅ Anesthesia record Controller ΓÇ║ listanesthesiaRecords ΓÇ║ should list Anesthesia records with filters

    TypeError: Cannot read properties of undefined (reading 'mockResolvedValue')

      100 |         scheduled_to: '2026-01-20T23:59:59.000Z'
      101 |       };
    > 102 |       anesthesiaRecordService.listanesthesiaRecords.mockResolvedValue(mockResult);
          |                                                     ^
      103 |
      104 |       await anesthesiaRecordController.listanesthesiaRecords(req, res);
      105 |

      at Object.mockResolvedValue 
(src/tests/modules/anesthesia-record/controllers/anesthesia-record.controller.test.js:102:53)

  ΓùÅ Anesthesia record Controller ΓÇ║ getanesthesiaRecordById ΓÇ║ should get Anesthesia record by id

    TypeError: Cannot read properties of undefined (reading 'mockResolvedValue')

      131 |     it('should get Anesthesia record by id', async () => {
      132 |       req.params = { id: mockanesthesiaRecord.id };
    > 133 |       anesthesiaRecordService.getanesthesiaRecordById.mockResolvedValue(mockanesthesiaRecord);
          |                                                       ^
      134 |
      135 |       await anesthesiaRecordController.getanesthesiaRecordById(req, res);
      136 |

      at Object.mockResolvedValue 
(src/tests/modules/anesthesia-record/controllers/anesthesia-record.controller.test.js:133:55)

  ΓùÅ Anesthesia record Controller ΓÇ║ createanesthesiaRecord ΓÇ║ should create Anesthesia record

    TypeError: Cannot read properties of undefined (reading 'mockResolvedValue')

      163 |     it('should create Anesthesia record', async () => {
      164 |       req.body = createData;
    > 165 |       anesthesiaRecordService.createanesthesiaRecord.mockResolvedValue(mockCreatedanesthesiaRecord);
          |                                                      ^
      166 |
      167 |       await anesthesiaRecordController.createanesthesiaRecord(req, res);
      168 |

      at Object.mockResolvedValue 
(src/tests/modules/anesthesia-record/controllers/anesthesia-record.controller.test.js:165:54)

  ΓùÅ Anesthesia record Controller ΓÇ║ updateanesthesiaRecord ΓÇ║ should update Anesthesia record

    TypeError: Cannot read properties of undefined (reading 'mockResolvedValue')

      196 |       req.params = { id: mockUpdatedanesthesiaRecord.id };
      197 |       req.body = updateData;
    > 198 |       anesthesiaRecordService.updateanesthesiaRecord.mockResolvedValue(mockUpdatedanesthesiaRecord);
          |                                                      ^
      199 |
      200 |       await anesthesiaRecordController.updateanesthesiaRecord(req, res);
      201 |

      at Object.mockResolvedValue 
(src/tests/modules/anesthesia-record/controllers/anesthesia-record.controller.test.js:198:54)

  ΓùÅ Anesthesia record Controller ΓÇ║ deleteanesthesiaRecord ΓÇ║ should delete Anesthesia record

    TypeError: Cannot read properties of undefined (reading 'mockResolvedValue')

      219 |       const id = '550e8400-e29b-41d4-a716-446655440000';
      220 |       req.params = { id };
    > 221 |       anesthesiaRecordService.deleteanesthesiaRecord.mockResolvedValue();
          |                                                      ^
      222 |
      223 |       await anesthesiaRecordController.deleteanesthesiaRecord(req, res);
      224 |

      at Object.mockResolvedValue 
(src/tests/modules/anesthesia-record/controllers/anesthesia-record.controller.test.js:221:54)

FAIL src/tests/modules/patient-document/controllers/patient-document.controller.test.js
  ΓùÅ Patient Document Controller ΓÇ║ getPatientDocumentById ΓÇ║ should throw HttpError when patient document not found

    expect(received).rejects.toThrow()

    Received function did not throw

      144 |       await expect(getPatientDocumentById(req, res))
      145 |         .rejects
    > 146 |         .toThrow();
          |          ^
      147 |     });
      148 |   });
      149 |

      at Object.toThrow (node_modules/expect/build/index.js:2155:20)
      at Object.toThrow (src/tests/modules/patient-document/controllers/patient-document.controller.test.js:146:10)

FAIL src/tests/modules/department/services/department.service.test.js
  ΓùÅ Department Service ΓÇ║ getDepartmentUnits ΓÇ║ should return empty units list when department exists

    HttpError: errors.database.unexpected

      54 |     });
      55 |   } catch (error) {
    > 56 |     throw new HttpError('errors.database.unexpected', 500, [{ originalError: error.message }]);
         |           ^
      57 |   }
      58 | };
      59 |

      at Object.findMany (src/modules/unit/repositories/unit.repository.js:56:11)
      at Object.findMany [as listUnits] (src/modules/unit/services/unit.service.js:63:20)
      at listUnits (src/modules/department/services/department.service.js:274:28)
      at Object.<anonymous> (src/tests/modules/department/services/department.service.test.js:510:22)

FAIL src/tests/modules/patient-allergy/controllers/patient-allergy.controller.test.js
  ΓùÅ Patient Allergy Controller ΓÇ║ getPatientAllergyById ΓÇ║ should throw HttpError when patient allergy not found

    expect(received).rejects.toThrow()

    Received function did not throw

      144 |       await expect(getPatientAllergyById(req, res))
      145 |         .rejects
    > 146 |         .toThrow();
          |          ^
      147 |     });
      148 |   });
      149 |

      at Object.toThrow (node_modules/expect/build/index.js:2155:20)
      at Object.toThrow (src/tests/modules/patient-allergy/controllers/patient-allergy.controller.test.js:146:10)

FAIL src/tests/modules/anesthesia-record/services/anesthesia-record.service.test.js
  ΓùÅ Anesthesia record Service ΓÇ║ listanesthesiaRecords ΓÇ║ should apply encounter_id filter

    expect(jest.fn()).toHaveBeenCalledWith(...expected)

    Expected: ObjectContaining {"encounter_id": "550e8400-e29b-41d4-a716-446655440001"}, Any<Number>, Any<Number>, 
Any<Object>
    Received: {}, 0, 20, {"created_at": "desc"}

    Number of calls: 1

      58 |       await anesthesiaRecordService.listAnesthesiaRecords(filters, 1, 20, null, 'asc', userId, ipAddress);
      59 |
    > 60 |       expect(anesthesiaRecordRepository.findMany).toHaveBeenCalledWith(
         |                                                   ^
      61 |         expect.objectContaining({
      62 |           encounter_id: filters.encounter_id
      63 |         }),

      at Object.toHaveBeenCalledWith 
(src/tests/modules/anesthesia-record/services/anesthesia-record.service.test.js:60:51)

  ΓùÅ Anesthesia record Service ΓÇ║ listanesthesiaRecords ΓÇ║ should apply status filter

    expect(jest.fn()).toHaveBeenCalledWith(...expected)

    Expected: ObjectContaining {"notes": "Test notes"}, Any<Number>, Any<Number>, Any<Object>
    Received: {}, 0, 20, {"created_at": "desc"}

    Number of calls: 1

      75 |       await anesthesiaRecordService.listAnesthesiaRecords(filters, 1, 20, null, 'asc', userId, ipAddress);
      76 |
    > 77 |       expect(anesthesiaRecordRepository.findMany).toHaveBeenCalledWith(
         |                                                   ^
      78 |         expect.objectContaining({
      79 |           notes: 'Test notes'
      80 |         }),

      at Object.toHaveBeenCalledWith 
(src/tests/modules/anesthesia-record/services/anesthesia-record.service.test.js:77:51)

  ΓùÅ Anesthesia record Service ΓÇ║ listanesthesiaRecords ΓÇ║ should apply date range filters

    expect(jest.fn()).toHaveBeenCalledWith(...expected)

    Expected: ObjectContaining {"scheduled_at": {"gte": 2026-01-20T00:00:00.000Z, "lte": 2026-01-20T23:59:59.000Z}}, 
Any<Number>, Any<Number>, Any<Object>
    Received: {}, 0, 20, {"created_at": "desc"}

    Number of calls: 1

       95 |       await anesthesiaRecordService.listAnesthesiaRecords(filters, 1, 20, null, 'asc', userId, ipAddress);
       96 |
    >  97 |       expect(anesthesiaRecordRepository.findMany).toHaveBeenCalledWith(
          |                                                   ^
       98 |         expect.objectContaining({
       99 |           scheduled_at: {
      100 |             gte: new Date(filters.scheduled_from),

      at Object.toHaveBeenCalledWith 
(src/tests/modules/anesthesia-record/services/anesthesia-record.service.test.js:97:51)

FAIL src/tests/modules/triage-assessment/controllers/triage-assessment.controller.test.js
  ΓùÅ Triage Assessment Controller ΓÇ║ createTriageAssessment ΓÇ║ should create triage assessment

    expect(jest.fn()).toHaveBeenCalled()

    Expected number of calls: >= 1
    Received number of calls:    0

      82 |       await triageAssessmentController.createTriageAssessment(mockReq, mockRes);
      83 |
    > 84 |       expect(sendCreated).toHaveBeenCalled();
         |                           ^
      85 |     });
      86 |   });
      87 |

      at Object.toHaveBeenCalled 
(src/tests/modules/triage-assessment/controllers/triage-assessment.controller.test.js:84:27)

  ΓùÅ Triage Assessment Controller ΓÇ║ deleteTriageAssessment ΓÇ║ should delete triage assessment

    expect(jest.fn()).toHaveBeenCalled()

    Expected number of calls: >= 1
    Received number of calls:    0

      108 |       await triageAssessmentController.deleteTriageAssessment(mockReq, mockRes);
      109 |
    > 110 |       expect(sendDeleted).toHaveBeenCalled();
          |                           ^
      111 |     });
      112 |   });
      113 | });

      at Object.toHaveBeenCalled 
(src/tests/modules/triage-assessment/controllers/triage-assessment.controller.test.js:110:27)

FAIL src/tests/modules/emergency-response/services/emergency-response.service.test.js
  ΓùÅ Emergency Response Service ΓÇ║ createEmergencyResponse ΓÇ║ should create emergency response and audit log

    expect(received).toEqual(expected) // deep equality

    Expected: {"emergency_case_id": "case-id", "id": "new-id", "notes": "test notes"}
    Received: undefined

      77 |       const result = await emergencyResponseService.createEmergencyResponse(responseData, mockUser);
      78 |
    > 79 |       expect(result).toEqual(mockCreated);
         |                      ^
      80 |       expect(createAuditLog).toHaveBeenCalled();
      81 |     });
      82 |   });

      at Object.toEqual (src/tests/modules/emergency-response/services/emergency-response.service.test.js:79:22)

  ΓùÅ Emergency Response Service ΓÇ║ updateEmergencyResponse ΓÇ║ should update emergency response and audit log

    expect(received).toEqual(expected) // deep equality

    Expected: {"emergency_case_id": "case-id", "id": "test-id", "notes": "updated notes"}
    Received: undefined

      93 |       const result = await emergencyResponseService.updateEmergencyResponse('test-id', updateData, 
mockUser);
      94 |
    > 95 |       expect(result).toEqual(updated);
         |                      ^
      96 |       expect(createAuditLog).toHaveBeenCalled();
      97 |     });
      98 |

      at Object.toEqual (src/tests/modules/emergency-response/services/emergency-response.service.test.js:95:22)

  ΓùÅ Emergency Response Service ΓÇ║ updateEmergencyResponse ΓÇ║ should throw HttpError if not found

    expect(received).rejects.toThrow()

    Received promise resolved instead of rejected
    Resolved to value: undefined

      100 |       emergencyResponseRepository.findById.mockResolvedValue(null);
      101 |
    > 102 |       await expect(
          |             ^
      103 |         emergencyResponseService.updateEmergencyResponse('non-existent', {}, mockUser)
      104 |       ).rejects.toThrow(HttpError);
      105 |     });

      at expect (node_modules/expect/build/index.js:2116:15)
      at Object.expect (src/tests/modules/emergency-response/services/emergency-response.service.test.js:102:13)

  ΓùÅ Emergency Response Service ΓÇ║ deleteEmergencyResponse ΓÇ║ should soft delete emergency response and audit log

    expect(received).toEqual(expected) // deep equality

    Expected: {"deleted_at": 2026-01-19T19:54:56.810Z, "emergency_case_id": "case-id", "id": "test-id"}
    Received: undefined

      116 |       const result = await emergencyResponseService.deleteEmergencyResponse('test-id', mockUser);
      117 |
    > 118 |       expect(result).toEqual(deleted);
          |                      ^
      119 |       expect(createAuditLog).toHaveBeenCalled();
      120 |     });
      121 |

      at Object.toEqual (src/tests/modules/emergency-response/services/emergency-response.service.test.js:118:22)

  ΓùÅ Emergency Response Service ΓÇ║ deleteEmergencyResponse ΓÇ║ should throw HttpError if not found

    expect(received).rejects.toThrow()

    Received promise resolved instead of rejected
    Resolved to value: undefined

      123 |       emergencyResponseRepository.findById.mockResolvedValue(null);
      124 |
    > 125 |       await expect(
          |             ^
      126 |         emergencyResponseService.deleteEmergencyResponse('non-existent', mockUser)
      127 |       ).rejects.toThrow(HttpError);
      128 |     });

      at expect (node_modules/expect/build/index.js:2116:15)
      at Object.expect (src/tests/modules/emergency-response/services/emergency-response.service.test.js:125:13)

FAIL src/tests/modules/appointment/schemas/appointment.schema.test.js
  ΓùÅ Appointment Schemas ΓÇ║ createAppointmentSchema ΓÇ║ should trim and validate reason text

    expect(received).toBe(expected) // Object.is equality

    Expected: "  Valid reason  "
    Received: "Valid reason"

      132 |       const result = createAppointmentSchema.safeParse(data);
      133 |       expect(result.success).toBe(true);
    > 134 |       expect(result.data.reason).toBe('  Valid reason  ');
          |                                  ^
      135 |     });
      136 |   });
      137 |

      at Object.toBe (src/tests/modules/appointment/schemas/appointment.schema.test.js:134:34)

FAIL src/tests/modules/post-op-note/services/post-op-note.service.test.js
  ΓùÅ Post-op note Service ΓÇ║ listpostOpNotes ΓÇ║ should apply encounter_id filter

    expect(jest.fn()).toHaveBeenCalledWith(...expected)

    Expected: ObjectContaining {"encounter_id": "550e8400-e29b-41d4-a716-446655440001"}, Any<Number>, Any<Number>, 
Any<Object>
    Received: {}, 0, 20, {"created_at": "desc"}

    Number of calls: 1

      58 |       await postOpNoteService.listpostOpNotes(filters, 1, 20, null, 'asc', userId, ipAddress);
      59 |
    > 60 |       expect(postOpNoteRepository.findMany).toHaveBeenCalledWith(
         |                                             ^
      61 |         expect.objectContaining({
      62 |           encounter_id: filters.encounter_id
      63 |         }),

      at Object.toHaveBeenCalledWith (src/tests/modules/post-op-note/services/post-op-note.service.test.js:60:45)

  ΓùÅ Post-op note Service ΓÇ║ listpostOpNotes ΓÇ║ should apply status filter

    expect(jest.fn()).toHaveBeenCalledWith(...expected)

    Expected: ObjectContaining {"notes": "Test notes"}, Any<Number>, Any<Number>, Any<Object>
    Received: {}, 0, 20, {"created_at": "desc"}

    Number of calls: 1

      75 |       await postOpNoteService.listpostOpNotes(filters, 1, 20, null, 'asc', userId, ipAddress);
      76 |
    > 77 |       expect(postOpNoteRepository.findMany).toHaveBeenCalledWith(
         |                                             ^
      78 |         expect.objectContaining({
      79 |           notes: 'Test notes'
      80 |         }),

      at Object.toHaveBeenCalledWith (src/tests/modules/post-op-note/services/post-op-note.service.test.js:77:45)

  ΓùÅ Post-op note Service ΓÇ║ listpostOpNotes ΓÇ║ should apply date range filters

    expect(jest.fn()).toHaveBeenCalledWith(...expected)

    Expected: ObjectContaining {"scheduled_at": {"gte": 2026-01-20T00:00:00.000Z, "lte": 2026-01-20T23:59:59.000Z}}, 
Any<Number>, Any<Number>, Any<Object>
    Received: {}, 0, 20, {"created_at": "desc"}

    Number of calls: 1

       95 |       await postOpNoteService.listpostOpNotes(filters, 1, 20, null, 'asc', userId, ipAddress);
       96 |
    >  97 |       expect(postOpNoteRepository.findMany).toHaveBeenCalledWith(
          |                                             ^
       98 |         expect.objectContaining({
       99 |           scheduled_at: {
      100 |             gte: new Date(filters.scheduled_from),

      at Object.toHaveBeenCalledWith (src/tests/modules/post-op-note/services/post-op-note.service.test.js:97:45)

FAIL src/tests/modules/triage-assessment/services/triage-assessment.service.test.js
  ΓùÅ Triage Assessment Service ΓÇ║ createTriageAssessment ΓÇ║ should create triage assessment and audit log

    expect(received).toEqual(expected) // deep equality

    Expected: {"emergency_case_id": "case-id", "id": "new-id", "notes": "test notes", "triage_level": "URGENT"}
    Received: undefined

      78 |       const result = await triageAssessmentService.createTriageAssessment(assessmentData, mockUser);
      79 |
    > 80 |       expect(result).toEqual(mockCreated);
         |                      ^
      81 |       expect(createAuditLog).toHaveBeenCalled();
      82 |     });
      83 |   });

      at Object.toEqual (src/tests/modules/triage-assessment/services/triage-assessment.service.test.js:80:22)

  ΓùÅ Triage Assessment Service ΓÇ║ updateTriageAssessment ΓÇ║ should update triage assessment and audit log

    expect(received).toEqual(expected) // deep equality

    Expected: {"id": "test-id", "triage_level": "IMMEDIATE"}
    Received: undefined

      94 |       const result = await triageAssessmentService.updateTriageAssessment('test-id', updateData, mockUser);
      95 |
    > 96 |       expect(result).toEqual(updated);
         |                      ^
      97 |       expect(createAuditLog).toHaveBeenCalled();
      98 |     });
      99 |

      at Object.toEqual (src/tests/modules/triage-assessment/services/triage-assessment.service.test.js:96:22)

  ΓùÅ Triage Assessment Service ΓÇ║ updateTriageAssessment ΓÇ║ should throw HttpError if not found

    expect(received).rejects.toThrow()

    Received promise resolved instead of rejected
    Resolved to value: undefined

      101 |       triageAssessmentRepository.findById.mockResolvedValue(null);
      102 |
    > 103 |       await expect(
          |             ^
      104 |         triageAssessmentService.updateTriageAssessment('non-existent', {}, mockUser)
      105 |       ).rejects.toThrow(HttpError);
      106 |     });

      at expect (node_modules/expect/build/index.js:2116:15)
      at Object.expect (src/tests/modules/triage-assessment/services/triage-assessment.service.test.js:103:13)

  ΓùÅ Triage Assessment Service ΓÇ║ deleteTriageAssessment ΓÇ║ should soft delete triage assessment and audit log

    expect(received).toEqual(expected) // deep equality

    Expected: {"deleted_at": 2026-01-19T19:54:57.172Z, "id": "test-id", "triage_level": "URGENT"}
    Received: undefined

      117 |       const result = await triageAssessmentService.deleteTriageAssessment('test-id', mockUser);
      118 |
    > 119 |       expect(result).toEqual(deleted);
          |                      ^
      120 |       expect(createAuditLog).toHaveBeenCalled();
      121 |     });
      122 |

      at Object.toEqual (src/tests/modules/triage-assessment/services/triage-assessment.service.test.js:119:22)

  ΓùÅ Triage Assessment Service ΓÇ║ deleteTriageAssessment ΓÇ║ should throw HttpError if not found

    expect(received).rejects.toThrow()

    Received promise resolved instead of rejected
    Resolved to value: undefined

      124 |       triageAssessmentRepository.findById.mockResolvedValue(null);
      125 |
    > 126 |       await expect(
          |             ^
      127 |         triageAssessmentService.deleteTriageAssessment('non-existent', mockUser)
      128 |       ).rejects.toThrow(HttpError);
      129 |     });

      at expect (node_modules/expect/build/index.js:2116:15)
      at Object.expect (src/tests/modules/triage-assessment/services/triage-assessment.service.test.js:126:13)

FAIL src/tests/modules/emergency-case/services/emergency-case.service.test.js
  ΓùÅ Emergency Case Service ΓÇ║ createEmergencyCase ΓÇ║ should create emergency case and audit log

    expect(received).toEqual(expected) // deep equality

    Expected: {"id": "new-id", "patient_id": "patient-id", "severity": "HIGH", "status": "PENDING", "tenant_id": 
"tenant-id"}
    Received: undefined

      118 |       const result = await emergencyCaseService.createEmergencyCase(caseData, mockUser);
      119 |
    > 120 |       expect(result).toEqual(mockCreatedCase);
          |                      ^
      121 |       expect(emergencyCaseRepository.create).toHaveBeenCalledWith(caseData);
      122 |       expect(createAuditLog).toHaveBeenCalledWith({
      123 |         action: 'CREATE',

      at Object.toEqual (src/tests/modules/emergency-case/services/emergency-case.service.test.js:120:22)

  ΓùÅ Emergency Case Service ΓÇ║ createEmergencyCase ΓÇ║ should throw error if create fails

    expect(received).rejects.toThrow()

    Received promise resolved instead of rejected
    Resolved to value: undefined

      148 |       emergencyCaseRepository.create.mockRejectedValue(new Error('DB Error'));
      149 |
    > 150 |       await expect(
          |             ^
      151 |         emergencyCaseService.createEmergencyCase({}, mockUser)
      152 |       ).rejects.toThrow();
      153 |     });

      at expect (node_modules/expect/build/index.js:2116:15)
      at Object.expect (src/tests/modules/emergency-case/services/emergency-case.service.test.js:150:13)

  ΓùÅ Emergency Case Service ΓÇ║ updateEmergencyCase ΓÇ║ should update emergency case and audit log

    expect(received).toEqual(expected) // deep equality

    Expected: {"id": "test-id", "severity": "HIGH", "status": "IN_PROGRESS", "tenant_id": "tenant-id"}
    Received: undefined

      170 |       const result = await emergencyCaseService.updateEmergencyCase('test-id', updateData, mockUser);
      171 |
    > 172 |       expect(result).toEqual(updatedCase);
          |                      ^
      173 |       expect(emergencyCaseRepository.findById).toHaveBeenCalledWith('test-id');
      174 |       expect(emergencyCaseRepository.update).toHaveBeenCalledWith('test-id', updateData);
      175 |       expect(createAuditLog).toHaveBeenCalledWith({

      at Object.toEqual (src/tests/modules/emergency-case/services/emergency-case.service.test.js:172:22)

  ΓùÅ Emergency Case Service ΓÇ║ updateEmergencyCase ΓÇ║ should throw HttpError if emergency case not found

    expect(received).rejects.toThrow()

    Received promise resolved instead of rejected
    Resolved to value: undefined

      186 |       emergencyCaseRepository.findById.mockResolvedValue(null);
      187 |
    > 188 |       await expect(
          |             ^
      189 |         emergencyCaseService.updateEmergencyCase('non-existent', {}, mockUser)
      190 |       ).rejects.toThrow(HttpError);
      191 |       

      at expect (node_modules/expect/build/index.js:2116:15)
      at Object.expect (src/tests/modules/emergency-case/services/emergency-case.service.test.js:188:13)

  ΓùÅ Emergency Case Service ΓÇ║ deleteEmergencyCase ΓÇ║ should soft delete emergency case and audit log

    expect(received).toEqual(expected) // deep equality

    Expected: {"deleted_at": 2026-01-19T19:54:57.266Z, "id": "test-id", "severity": "HIGH", "status": "PENDING", 
"tenant_id": "tenant-id"}
    Received: undefined

      223 |       const result = await emergencyCaseService.deleteEmergencyCase('test-id', mockUser);
      224 |
    > 225 |       expect(result).toEqual(deletedCase);
          |                      ^
      226 |       expect(emergencyCaseRepository.findById).toHaveBeenCalledWith('test-id');
      227 |       expect(emergencyCaseRepository.softDelete).toHaveBeenCalledWith('test-id');
      228 |       expect(createAuditLog).toHaveBeenCalledWith({

      at Object.toEqual (src/tests/modules/emergency-case/services/emergency-case.service.test.js:225:22)

  ΓùÅ Emergency Case Service ΓÇ║ deleteEmergencyCase ΓÇ║ should throw HttpError if emergency case not found

    expect(received).rejects.toThrow()

    Received promise resolved instead of rejected
    Resolved to value: undefined

      239 |       emergencyCaseRepository.findById.mockResolvedValue(null);
      240 |
    > 241 |       await expect(
          |             ^
      242 |         emergencyCaseService.deleteEmergencyCase('non-existent', mockUser)
      243 |       ).rejects.toThrow(HttpError);
      244 |       

      at expect (node_modules/expect/build/index.js:2116:15)
      at Object.expect (src/tests/modules/emergency-case/services/emergency-case.service.test.js:241:13)

FAIL src/tests/modules/dashboard-widget/schemas/dashboard-widget.schema.test.js
  ΓùÅ Dashboard Widget Schemas ΓÇ║ createDashboardWidgetSchema ΓÇ║ should validate correct dashboard widget data

    TypeError: Cannot read properties of undefined (reading '_zod')

      23 |
      24 |     it('should validate correct dashboard widget data', () => {
    > 25 |       const result = createDashboardWidgetSchema.safeParse(validData);
         |                                                  ^
      26 |       expect(result.success).toBe(true);
      27 |     });
      28 |

      at Object.inst._zod.parse (node_modules/zod/v4/core/schemas.cjs:1356:46)
      at eval (eval at compile (node_modules/zod/v4/core/doc.cjs:36:16), <anonymous>:41:43)
      at node_modules/zod/v4/core/schemas.cjs:896:34
      at Object.inst._zod.parse (node_modules/zod/v4/core/schemas.cjs:921:23)
      at Object.safeParse (node_modules/zod/v4/core/parse.cjs:61:32)
      at _.inst.safeParse (node_modules/zod/v4/classic/schemas.cjs:157:46)
      at Object.safeParse (src/tests/modules/dashboard-widget/schemas/dashboard-widget.schema.test.js:25:50)

  ΓùÅ Dashboard Widget Schemas ΓÇ║ createDashboardWidgetSchema ΓÇ║ should require tenant_id

    TypeError: Cannot read properties of undefined (reading '_zod')

      30 |       const data = { ...validData };
      31 |       delete data.tenant_id;
    > 32 |       const result = createDashboardWidgetSchema.safeParse(data);
         |                                                  ^
      33 |       expect(result.success).toBe(false);
      34 |     });
      35 |

      at Object.inst._zod.parse (node_modules/zod/v4/core/schemas.cjs:1356:46)
      at eval (eval at compile (node_modules/zod/v4/core/doc.cjs:36:16), <anonymous>:41:43)
      at node_modules/zod/v4/core/schemas.cjs:896:34
      at Object.inst._zod.parse (node_modules/zod/v4/core/schemas.cjs:921:23)
      at Object.safeParse (node_modules/zod/v4/core/parse.cjs:61:32)
      at _.inst.safeParse (node_modules/zod/v4/classic/schemas.cjs:157:46)
      at Object.safeParse (src/tests/modules/dashboard-widget/schemas/dashboard-widget.schema.test.js:32:50)

  ΓùÅ Dashboard Widget Schemas ΓÇ║ createDashboardWidgetSchema ΓÇ║ should require name

    TypeError: Cannot read properties of undefined (reading '_zod')

      37 |       const data = { ...validData };
      38 |       delete data.name;
    > 39 |       const result = createDashboardWidgetSchema.safeParse(data);
         |                                                  ^
      40 |       expect(result.success).toBe(false);
      41 |     });
      42 |

      at Object.inst._zod.parse (node_modules/zod/v4/core/schemas.cjs:1356:46)
      at eval (eval at compile (node_modules/zod/v4/core/doc.cjs:36:16), <anonymous>:41:43)
      at node_modules/zod/v4/core/schemas.cjs:896:34
      at Object.inst._zod.parse (node_modules/zod/v4/core/schemas.cjs:921:23)
      at Object.safeParse (node_modules/zod/v4/core/parse.cjs:61:32)
      at _.inst.safeParse (node_modules/zod/v4/classic/schemas.cjs:157:46)
      at Object.safeParse (src/tests/modules/dashboard-widget/schemas/dashboard-widget.schema.test.js:39:50)

  ΓùÅ Dashboard Widget Schemas ΓÇ║ createDashboardWidgetSchema ΓÇ║ should trim string fields

    TypeError: Cannot read properties of undefined (reading '_zod')

      50 |     it('should trim string fields', () => {
      51 |       const data = { ...validData, name: '  Sales Dashboard  ' };
    > 52 |       const result = createDashboardWidgetSchema.safeParse(data);
         |                                                  ^
      53 |       expect(result.success).toBe(true);
      54 |       if (result.success) {
      55 |         expect(result.data.name).toBe('Sales Dashboard');

      at Object.inst._zod.parse (node_modules/zod/v4/core/schemas.cjs:1356:46)
      at eval (eval at compile (node_modules/zod/v4/core/doc.cjs:36:16), <anonymous>:41:43)
      at node_modules/zod/v4/core/schemas.cjs:896:34
      at Object.inst._zod.parse (node_modules/zod/v4/core/schemas.cjs:921:23)
      at Object.safeParse (node_modules/zod/v4/core/parse.cjs:61:32)
      at _.inst.safeParse (node_modules/zod/v4/classic/schemas.cjs:157:46)
      at Object.safeParse (src/tests/modules/dashboard-widget/schemas/dashboard-widget.schema.test.js:52:50)

  ΓùÅ Dashboard Widget Schemas ΓÇ║ createDashboardWidgetSchema ΓÇ║ should enforce max length for name

    TypeError: Cannot read properties of undefined (reading '_zod')

      59 |     it('should enforce max length for name', () => {
      60 |       const data = { ...validData, name: 'a'.repeat(256) };
    > 61 |       const result = createDashboardWidgetSchema.safeParse(data);
         |                                                  ^
      62 |       expect(result.success).toBe(false);
      63 |     });
      64 |

      at Object.inst._zod.parse (node_modules/zod/v4/core/schemas.cjs:1356:46)
      at eval (eval at compile (node_modules/zod/v4/core/doc.cjs:36:16), <anonymous>:41:43)
      at node_modules/zod/v4/core/schemas.cjs:896:34
      at Object.inst._zod.parse (node_modules/zod/v4/core/schemas.cjs:921:23)
      at Object.safeParse (node_modules/zod/v4/core/parse.cjs:61:32)
      at _.inst.safeParse (node_modules/zod/v4/classic/schemas.cjs:157:46)
      at Object.safeParse (src/tests/modules/dashboard-widget/schemas/dashboard-widget.schema.test.js:61:50)

  ΓùÅ Dashboard Widget Schemas ΓÇ║ createDashboardWidgetSchema ΓÇ║ should reject invalid tenant_id format

    TypeError: Cannot read properties of undefined (reading '_zod')

      65 |     it('should reject invalid tenant_id format', () => {
      66 |       const data = { ...validData, tenant_id: 'invalid-uuid' };
    > 67 |       const result = createDashboardWidgetSchema.safeParse(data);
         |                                                  ^
      68 |       expect(result.success).toBe(false);
      69 |     });
      70 |

      at Object.inst._zod.parse (node_modules/zod/v4/core/schemas.cjs:1356:46)
      at eval (eval at compile (node_modules/zod/v4/core/doc.cjs:36:16), <anonymous>:41:43)
      at node_modules/zod/v4/core/schemas.cjs:896:34
      at Object.inst._zod.parse (node_modules/zod/v4/core/schemas.cjs:921:23)
      at Object.safeParse (node_modules/zod/v4/core/parse.cjs:61:32)
      at _.inst.safeParse (node_modules/zod/v4/classic/schemas.cjs:157:46)
      at Object.safeParse (src/tests/modules/dashboard-widget/schemas/dashboard-widget.schema.test.js:67:50)

  ΓùÅ Dashboard Widget Schemas ΓÇ║ createDashboardWidgetSchema ΓÇ║ should reject empty name

    TypeError: Cannot read properties of undefined (reading '_zod')

      71 |     it('should reject empty name', () => {
      72 |       const data = { ...validData, name: '' };
    > 73 |       const result = createDashboardWidgetSchema.safeParse(data);
         |                                                  ^
      74 |       expect(result.success).toBe(false);
      75 |     });
      76 |

      at Object.inst._zod.parse (node_modules/zod/v4/core/schemas.cjs:1356:46)
      at eval (eval at compile (node_modules/zod/v4/core/doc.cjs:36:16), <anonymous>:41:43)
      at node_modules/zod/v4/core/schemas.cjs:896:34
      at Object.inst._zod.parse (node_modules/zod/v4/core/schemas.cjs:921:23)
      at Object.safeParse (node_modules/zod/v4/core/parse.cjs:61:32)
      at _.inst.safeParse (node_modules/zod/v4/classic/schemas.cjs:157:46)
      at Object.safeParse (src/tests/modules/dashboard-widget/schemas/dashboard-widget.schema.test.js:73:50)

  ΓùÅ Dashboard Widget Schemas ΓÇ║ createDashboardWidgetSchema ΓÇ║ should accept complex config_json object

    TypeError: Cannot read properties of undefined (reading '_zod')

      85 |         } 
      86 |       };
    > 87 |       const result = createDashboardWidgetSchema.safeParse(data);
         |                                                  ^
      88 |       expect(result.success).toBe(true);
      89 |     });
      90 |

      at Object.inst._zod.parse (node_modules/zod/v4/core/schemas.cjs:1356:46)
      at eval (eval at compile (node_modules/zod/v4/core/doc.cjs:36:16), <anonymous>:41:43)
      at node_modules/zod/v4/core/schemas.cjs:896:34
      at Object.inst._zod.parse (node_modules/zod/v4/core/schemas.cjs:921:23)
      at Object.safeParse (node_modules/zod/v4/core/parse.cjs:61:32)
      at _.inst.safeParse (node_modules/zod/v4/classic/schemas.cjs:157:46)
      at Object.safeParse (src/tests/modules/dashboard-widget/schemas/dashboard-widget.schema.test.js:87:50)

  ΓùÅ Dashboard Widget Schemas ΓÇ║ updateDashboardWidgetSchema ΓÇ║ should validate correct update data

    TypeError: Cannot read properties of undefined (reading '_zod')

      114 |         config_json: { layout: 'list', columns: 2 }
      115 |       };
    > 116 |       const result = updateDashboardWidgetSchema.safeParse(data);
          |                                                  ^
      117 |       expect(result.success).toBe(true);
      118 |     });
      119 |

      at Object.inst._zod.parse (node_modules/zod/v4/core/schemas.cjs:1356:46)
      at Object.inst._zod.parse (node_modules/zod/v4/core/schemas.cjs:1588:35)
      at eval (eval at compile (node_modules/zod/v4/core/doc.cjs:36:16), <anonymous>:23:43)
      at node_modules/zod/v4/core/schemas.cjs:896:34
      at Object.inst._zod.parse (node_modules/zod/v4/core/schemas.cjs:921:23)
      at Object.safeParse (node_modules/zod/v4/core/parse.cjs:61:32)
      at _.inst.safeParse (node_modules/zod/v4/classic/schemas.cjs:157:46)
      at Object.safeParse (src/tests/modules/dashboard-widget/schemas/dashboard-widget.schema.test.js:116:50)

  ΓùÅ Dashboard Widget Schemas ΓÇ║ updateDashboardWidgetSchema ΓÇ║ should accept complex config_json object in updates

    TypeError: Cannot read properties of undefined (reading '_zod')

      158 |         } 
      159 |       };
    > 160 |       const result = updateDashboardWidgetSchema.safeParse(data);
          |                                                  ^
      161 |       expect(result.success).toBe(true);
      162 |     });
      163 |

      at Object.inst._zod.parse (node_modules/zod/v4/core/schemas.cjs:1356:46)
      at Object.inst._zod.parse (node_modules/zod/v4/core/schemas.cjs:1588:35)
      at eval (eval at compile (node_modules/zod/v4/core/doc.cjs:36:16), <anonymous>:23:43)
      at node_modules/zod/v4/core/schemas.cjs:896:34
      at Object.inst._zod.parse (node_modules/zod/v4/core/schemas.cjs:921:23)
      at Object.safeParse (node_modules/zod/v4/core/parse.cjs:61:32)
      at _.inst.safeParse (node_modules/zod/v4/classic/schemas.cjs:157:46)
      at Object.safeParse (src/tests/modules/dashboard-widget/schemas/dashboard-widget.schema.test.js:160:50)

FAIL src/tests/modules/role/services/role.service.test.js
  ΓùÅ Role Service ΓÇ║ createRole ΓÇ║ should create role and audit log

    HttpError: errors.server.unexpected

      117 |   } catch (error) {
      118 |     if (error instanceof HttpError) throw error;
    > 119 |     throw new HttpError('errors.server.unexpected', 500, [{ originalError: error.message }]);
          |           ^
      120 |   }
      121 | };
      122 |

      at createRole (src/modules/role/services/role.service.js:119:11)
      at Object.<anonymous> (src/tests/modules/role/services/role.service.test.js:111:22)

  ΓùÅ Role Service ΓÇ║ updateRole ΓÇ║ should update role and audit log

    HttpError: errors.server.unexpected

      157 |   } catch (error) {
      158 |     if (error instanceof HttpError) throw error;
    > 159 |     throw new HttpError('errors.server.unexpected', 500, [{ originalError: error.message }]);
          |           ^
      160 |   }
      161 | };
      162 |

      at updateRole (src/modules/role/services/role.service.js:159:11)
      at Object.<anonymous> (src/tests/modules/role/services/role.service.test.js:132:22)

  ΓùÅ Role Service ΓÇ║ deleteRole ΓÇ║ should soft delete role and audit log

    HttpError: errors.server.unexpected

      194 |   } catch (error) {
      195 |     if (error instanceof HttpError) throw error;
    > 196 |     throw new HttpError('errors.server.unexpected', 500, [{ originalError: error.message }]);
          |           ^
      197 |   }
      198 | };
      199 |

      at deleteRole (src/modules/role/services/role.service.js:196:11)
      at Object.<anonymous> (src/tests/modules/role/services/role.service.test.js:159:7)

FAIL src/tests/modules/role-permission/services/role-permission.service.test.js
  ΓùÅ Role-Permission Service ΓÇ║ createRolePermission ΓÇ║ should create role-permission and audit log

    HttpError: errors.server.unexpected

      108 |   } catch (error) {
      109 |     if (error instanceof HttpError) throw error;
    > 110 |     throw new HttpError('errors.server.unexpected', 500, [{ originalError: error.message }]);
          |           ^
      111 |   }
      112 | };
      113 |

      at createRolePermission (src/modules/role-permission/services/role-permission.service.js:110:11)
      at Object.<anonymous> (src/tests/modules/role-permission/services/role-permission.service.test.js:65:22)

  ΓùÅ Role-Permission Service ΓÇ║ updateRolePermission ΓÇ║ should update role-permission and audit log

    HttpError: errors.server.unexpected

      148 |   } catch (error) {
      149 |     if (error instanceof HttpError) throw error;
    > 150 |     throw new HttpError('errors.server.unexpected', 500, [{ originalError: error.message }]);
          |           ^
      151 |   }
      152 | };
      153 |

      at updateRolePermission (src/modules/role-permission/services/role-permission.service.js:150:11)
      at Object.<anonymous> (src/tests/modules/role-permission/services/role-permission.service.test.js:79:22)

  ΓùÅ Role-Permission Service ΓÇ║ deleteRolePermission ΓÇ║ should soft delete role-permission and audit log

    HttpError: errors.server.unexpected

      185 |   } catch (error) {
      186 |     if (error instanceof HttpError) throw error;
    > 187 |     throw new HttpError('errors.server.unexpected', 500, [{ originalError: error.message }]);
          |           ^
      188 |   }
      189 | };
      190 |

      at deleteRolePermission (src/modules/role-permission/services/role-permission.service.js:187:11)
      at Object.<anonymous> (src/tests/modules/role-permission/services/role-permission.service.test.js:92:7)

FAIL src/tests/modules/patient-medical-history/controllers/patient-medical-history.controller.test.js
  ΓùÅ Patient Medical History Controller ΓÇ║ getPatientMedicalHistoryById ΓÇ║ should throw HttpError when patient 
medical history not found

    expect(received).rejects.toThrow()

    Received function did not throw

      144 |       await expect(getPatientMedicalHistoryById(req, res))
      145 |         .rejects
    > 146 |         .toThrow();
          |          ^
      147 |     });
      148 |   });
      149 |

      at Object.toThrow (node_modules/expect/build/index.js:2155:20)
      at Object.toThrow 
(src/tests/modules/patient-medical-history/controllers/patient-medical-history.controller.test.js:146:10)

FAIL src/tests/modules/referral/schemas/referral.schema.test.js
  ΓùÅ Referral Schemas ΓÇ║ createReferralSchema ΓÇ║ should validate correct referral data

    expect(received).toBe(expected) // Object.is equality

    Expected: true
    Received: false

      26 |     it('should validate correct referral data', () => {
      27 |       const result = createReferralSchema.safeParse(validData);
    > 28 |       expect(result.success).toBe(true);
         |                              ^
      29 |     });
      30 |
      31 |     it('should require encounter_id', () => {

      at Object.toBe (src/tests/modules/referral/schemas/referral.schema.test.js:28:30)

  ΓùÅ Referral Schemas ΓÇ║ createReferralSchema ΓÇ║ should allow optional from_department_id

    expect(received).toBe(expected) // Object.is equality

    Expected: true
    Received: false

      47 |       delete data.from_department_id;
      48 |       const result = createReferralSchema.safeParse(data);
    > 49 |       expect(result.success).toBe(true);
         |                              ^
      50 |     });
      51 |
      52 |     it('should allow optional to_department_id', () => {

      at Object.toBe (src/tests/modules/referral/schemas/referral.schema.test.js:49:30)

  ΓùÅ Referral Schemas ΓÇ║ createReferralSchema ΓÇ║ should allow optional to_department_id

    expect(received).toBe(expected) // Object.is equality

    Expected: true
    Received: false

      54 |       delete data.to_department_id;
      55 |       const result = createReferralSchema.safeParse(data);
    > 56 |       expect(result.success).toBe(true);
         |                              ^
      57 |     });
      58 |
      59 |     it('should allow optional reason', () => {

      at Object.toBe (src/tests/modules/referral/schemas/referral.schema.test.js:56:30)

  ΓùÅ Referral Schemas ΓÇ║ createReferralSchema ΓÇ║ should allow optional reason

    expect(received).toBe(expected) // Object.is equality

    Expected: true
    Received: false

      61 |       delete data.reason;
      62 |       const result = createReferralSchema.safeParse(data);
    > 63 |       expect(result.success).toBe(true);
         |                              ^
      64 |     });
      65 |
      66 |     it('should validate status enum values', () => {

      at Object.toBe (src/tests/modules/referral/schemas/referral.schema.test.js:63:30)

  ΓùÅ Referral Schemas ΓÇ║ updateReferralSchema ΓÇ║ should allow partial updates

    expect(received).toBe(expected) // Object.is equality

    Expected: true
    Received: false

      105 |       const data = { status: 'REJECTED' };
      106 |       const result = updateReferralSchema.safeParse(data);
    > 107 |       expect(result.success).toBe(true);
          |                              ^
      108 |     });
      109 |
      110 |     it('should allow empty object', () => {

      at Object.toBe (src/tests/modules/referral/schemas/referral.schema.test.js:107:30)

FAIL src/tests/modules/post-op-note/controllers/post-op-note.controller.test.js
  ΓùÅ Post-op note Controller ΓÇ║ listpostOpNotes ΓÇ║ should list Post-op notes with filters

    expect(jest.fn()).toHaveBeenCalledWith(...expected)

    Expected: ObjectContaining {"encounter_id": "550e8400-e29b-41d4-a716-446655440001", "scheduled_from": 
"2026-01-20T00:00:00.000Z", "scheduled_to": "2026-01-20T23:59:59.000Z", "status": "SCHEDULED"}, 1, 20, undefined, 
"asc", "user-123", "127.0.0.1"
    Received: {"note": undefined, "theatre_case_id": undefined}, 1, 20, undefined, "asc", "user-123", "127.0.0.1"

    Number of calls: 1

      104 |       await postOpNoteController.listpostOpNotes(req, res);
      105 |
    > 106 |       expect(postOpNoteService.listpostOpNotes).toHaveBeenCalledWith(
          |                                                 ^
      107 |         expect.objectContaining({
      108 |           encounter_id: '550e8400-e29b-41d4-a716-446655440001',
      109 |           status: 'SCHEDULED',

      at Object.toHaveBeenCalledWith 
(src/tests/modules/post-op-note/controllers/post-op-note.controller.test.js:106:49)

FAIL src/tests/modules/emergency-response/controllers/emergency-response.controller.test.js
  ΓùÅ Emergency Response Controller ΓÇ║ createEmergencyResponse ΓÇ║ should create emergency response

    expect(received).toHaveBeenCalled()

    Matcher error: received value must be a mock or spy function

    Received has value: undefined

      76 |       await emergencyResponseController.createEmergencyResponse(mockReq, mockRes);
      77 |
    > 78 |       expect(sendCreated).toHaveBeenCalled();
         |                           ^
      79 |     });
      80 |   });
      81 |

      at Object.toHaveBeenCalled 
(src/tests/modules/emergency-response/controllers/emergency-response.controller.test.js:78:27)

  ΓùÅ Emergency Response Controller ΓÇ║ deleteEmergencyResponse ΓÇ║ should delete emergency response

    expect(received).toHaveBeenCalled()

    Matcher error: received value must be a mock or spy function

    Received has value: undefined

      102 |       await emergencyResponseController.deleteEmergencyResponse(mockReq, mockRes);
      103 |
    > 104 |       expect(sendDeleted).toHaveBeenCalled();
          |                           ^
      105 |     });
      106 |   });
      107 | });

      at Object.toHaveBeenCalled 
(src/tests/modules/emergency-response/controllers/emergency-response.controller.test.js:104:27)

FAIL src/tests/modules/visit-queue/schemas/visit-queue.schema.test.js
  ΓùÅ Visit Queue Schemas ΓÇ║ listVisitQueuesQuerySchema ΓÇ║ should trim search parameter

    expect(received).toBe(expected) // Object.is equality

    Expected: "  test  "
    Received: "test"

      299 |       expect(result.success).toBe(true);
      300 |       if (result.success) {
    > 301 |         expect(result.data.search).toBe('  test  '); // Zod trim happens at parse
          |                                    ^
      302 |       }
      303 |     });
      304 |   });

      at Object.toBe (src/tests/modules/visit-queue/schemas/visit-queue.schema.test.js:301:36)

FAIL src/tests/modules/permission/services/permission.service.test.js
  ΓùÅ Permission Service ΓÇ║ createPermission ΓÇ║ should create permission and audit log

    HttpError: errors.server.unexpected

      116 |   } catch (error) {
      117 |     if (error instanceof HttpError) throw error;
    > 118 |     throw new HttpError('errors.server.unexpected', 500, [{ originalError: error.message }]);
          |           ^
      119 |   }
      120 | };
      121 |

      at createPermission (src/modules/permission/services/permission.service.js:118:11)
      at Object.<anonymous> (src/tests/modules/permission/services/permission.service.test.js:66:22)

  ΓùÅ Permission Service ΓÇ║ updatePermission ΓÇ║ should update permission and audit log

    HttpError: errors.server.unexpected

      156 |   } catch (error) {
      157 |     if (error instanceof HttpError) throw error;
    > 158 |     throw new HttpError('errors.server.unexpected', 500, [{ originalError: error.message }]);
          |           ^
      159 |   }
      160 | };
      161 |

      at updatePermission (src/modules/permission/services/permission.service.js:158:11)
      at Object.<anonymous> (src/tests/modules/permission/services/permission.service.test.js:85:22)

  ΓùÅ Permission Service ΓÇ║ deletePermission ΓÇ║ should soft delete permission and audit log

    HttpError: errors.server.unexpected

      193 |   } catch (error) {
      194 |     if (error instanceof HttpError) throw error;
    > 195 |     throw new HttpError('errors.server.unexpected', 500, [{ originalError: error.message }]);
          |           ^
      196 |   }
      197 | };
      198 |

      at deletePermission (src/modules/permission/services/permission.service.js:195:11)
      at Object.<anonymous> (src/tests/modules/permission/services/permission.service.test.js:105:7)

FAIL src/tests/modules/referral/repositories/referral.repository.test.js
  ΓùÅ Referral Repository ΓÇ║ findMany ΓÇ║ should apply filters

    expect(jest.fn()).toHaveBeenCalledWith(...expected)

    - Expected
    + Received

    @@ -6,8 +6,8 @@
        "skip": 0,
        "take": 20,
        "where": Object {
          "deleted_at": null,
          "encounter_id": "encounter-123",
    -     "status": "REQUESTED",
    +     "status": "PENDING",
        },
      },

    Number of calls: 1

      105 |       await findMany({ encounter_id: 'encounter-123', status: 'PENDING' });
      106 |
    > 107 |       expect(prisma.referral.findMany).toHaveBeenCalledWith({
          |                                        ^
      108 |         where: {
      109 |           deleted_at: null,
      110 |           encounter_id: 'encounter-123',

      at Object.toHaveBeenCalledWith (src/tests/modules/referral/repositories/referral.repository.test.js:107:40)

  ΓùÅ Referral Repository ΓÇ║ count ΓÇ║ should apply filters

    expect(jest.fn()).toHaveBeenCalledWith(...expected)

    - Expected
    + Received

      Object {
        "where": Object {
          "deleted_at": null,
    -     "status": "PENDING",
    +     "status": "REQUESTED",
        },
      },

    Number of calls: 1

      144 |       await count({ status: 'REQUESTED' });
      145 |
    > 146 |       expect(prisma.referral.count).toHaveBeenCalledWith({
          |                                     ^
      147 |         where: {
      148 |           deleted_at: null,
      149 |           status: 'PENDING'

      at Object.toHaveBeenCalledWith (src/tests/modules/referral/repositories/referral.repository.test.js:146:37)

FAIL src/tests/modules/user-role/services/user-role.service.test.js
  ΓùÅ User-Role Service ΓÇ║ createUserRole ΓÇ║ should create user-role and audit log

    HttpError: errors.server.unexpected

      110 |   } catch (error) {
      111 |     if (error instanceof HttpError) throw error;
    > 112 |     throw new HttpError('errors.server.unexpected', 500, [{ originalError: error.message }]);
          |           ^
      113 |   }
      114 | };
      115 |

      at createUserRole (src/modules/user-role/services/user-role.service.js:112:11)
      at Object.<anonymous> (src/tests/modules/user-role/services/user-role.service.test.js:65:22)

  ΓùÅ User-Role Service ΓÇ║ updateUserRole ΓÇ║ should update user-role and audit log

    HttpError: errors.server.unexpected

      150 |   } catch (error) {
      151 |     if (error instanceof HttpError) throw error;
    > 152 |     throw new HttpError('errors.server.unexpected', 500, [{ originalError: error.message }]);
          |           ^
      153 |   }
      154 | };
      155 |

      at updateUserRole (src/modules/user-role/services/user-role.service.js:152:11)
      at Object.<anonymous> (src/tests/modules/user-role/services/user-role.service.test.js:79:22)

  ΓùÅ User-Role Service ΓÇ║ deleteUserRole ΓÇ║ should soft delete user-role and audit log

    HttpError: errors.server.unexpected

      187 |   } catch (error) {
      188 |     if (error instanceof HttpError) throw error;
    > 189 |     throw new HttpError('errors.server.unexpected', 500, [{ originalError: error.message }]);
          |           ^
      190 |   }
      191 | };
      192 |

      at deleteUserRole (src/modules/user-role/services/user-role.service.js:189:11)
      at Object.<anonymous> (src/tests/modules/user-role/services/user-role.service.test.js:92:7)

FAIL src/tests/modules/analytics-event/schemas/analytics-event.schema.test.js
  ΓùÅ Analytics Event Schemas ΓÇ║ createAnalyticsEventSchema ΓÇ║ should validate correct analytics event data

    TypeError: Cannot read properties of undefined (reading '_zod')

      24 |
      25 |     it('should validate correct analytics event data', () => {
    > 26 |       const result = createAnalyticsEventSchema.safeParse(validData);
         |                                                 ^
      27 |       expect(result.success).toBe(true);
      28 |     });
      29 |

      at Object.inst._zod.parse (node_modules/zod/v4/core/schemas.cjs:1356:46)
      at Object.inst._zod.parse (node_modules/zod/v4/core/schemas.cjs:1588:35)
      at Object.inst._zod.parse (node_modules/zod/v4/core/schemas.cjs:1606:35)
      at eval (eval at compile (node_modules/zod/v4/core/doc.cjs:36:16), <anonymous>:59:44)
      at node_modules/zod/v4/core/schemas.cjs:896:34
      at Object.inst._zod.parse (node_modules/zod/v4/core/schemas.cjs:921:23)
      at Object.safeParse (node_modules/zod/v4/core/parse.cjs:61:32)
      at _.inst.safeParse (node_modules/zod/v4/classic/schemas.cjs:157:46)
      at Object.safeParse (src/tests/modules/analytics-event/schemas/analytics-event.schema.test.js:26:49)

  ΓùÅ Analytics Event Schemas ΓÇ║ createAnalyticsEventSchema ΓÇ║ should require tenant_id

    TypeError: Cannot read properties of undefined (reading '_zod')

      31 |       const data = { ...validData };
      32 |       delete data.tenant_id;
    > 33 |       const result = createAnalyticsEventSchema.safeParse(data);
         |                                                 ^
      34 |       expect(result.success).toBe(false);
      35 |     });
      36 |

      at Object.inst._zod.parse (node_modules/zod/v4/core/schemas.cjs:1356:46)
      at Object.inst._zod.parse (node_modules/zod/v4/core/schemas.cjs:1588:35)
      at Object.inst._zod.parse (node_modules/zod/v4/core/schemas.cjs:1606:35)
      at eval (eval at compile (node_modules/zod/v4/core/doc.cjs:36:16), <anonymous>:59:44)
      at node_modules/zod/v4/core/schemas.cjs:896:34
      at Object.inst._zod.parse (node_modules/zod/v4/core/schemas.cjs:921:23)
      at Object.safeParse (node_modules/zod/v4/core/parse.cjs:61:32)
      at _.inst.safeParse (node_modules/zod/v4/classic/schemas.cjs:157:46)
      at Object.safeParse (src/tests/modules/analytics-event/schemas/analytics-event.schema.test.js:33:49)

  ΓùÅ Analytics Event Schemas ΓÇ║ createAnalyticsEventSchema ΓÇ║ should require event_name

    TypeError: Cannot read properties of undefined (reading '_zod')

      38 |       const data = { ...validData };
      39 |       delete data.event_name;
    > 40 |       const result = createAnalyticsEventSchema.safeParse(data);
         |                                                 ^
      41 |       expect(result.success).toBe(false);
      42 |     });
      43 |

      at Object.inst._zod.parse (node_modules/zod/v4/core/schemas.cjs:1356:46)
      at Object.inst._zod.parse (node_modules/zod/v4/core/schemas.cjs:1588:35)
      at Object.inst._zod.parse (node_modules/zod/v4/core/schemas.cjs:1606:35)
      at eval (eval at compile (node_modules/zod/v4/core/doc.cjs:36:16), <anonymous>:59:44)
      at node_modules/zod/v4/core/schemas.cjs:896:34
      at Object.inst._zod.parse (node_modules/zod/v4/core/schemas.cjs:921:23)
      at Object.safeParse (node_modules/zod/v4/core/parse.cjs:61:32)
      at _.inst.safeParse (node_modules/zod/v4/classic/schemas.cjs:157:46)
      at Object.safeParse (src/tests/modules/analytics-event/schemas/analytics-event.schema.test.js:40:49)

  ΓùÅ Analytics Event Schemas ΓÇ║ createAnalyticsEventSchema ΓÇ║ should accept user_id as optional

    TypeError: Cannot read properties of undefined (reading '_zod')

      45 |       const data = { ...validData };
      46 |       delete data.user_id;
    > 47 |       const result = createAnalyticsEventSchema.safeParse(data);
         |                                                 ^
      48 |       expect(result.success).toBe(true);
      49 |     });
      50 |

      at Object.inst._zod.parse (node_modules/zod/v4/core/schemas.cjs:1356:46)
      at Object.inst._zod.parse (node_modules/zod/v4/core/schemas.cjs:1588:35)
      at Object.inst._zod.parse (node_modules/zod/v4/core/schemas.cjs:1606:35)
      at eval (eval at compile (node_modules/zod/v4/core/doc.cjs:36:16), <anonymous>:59:44)
      at node_modules/zod/v4/core/schemas.cjs:896:34
      at Object.inst._zod.parse (node_modules/zod/v4/core/schemas.cjs:921:23)
      at Object.safeParse (node_modules/zod/v4/core/parse.cjs:61:32)
      at _.inst.safeParse (node_modules/zod/v4/classic/schemas.cjs:157:46)
      at Object.safeParse (src/tests/modules/analytics-event/schemas/analytics-event.schema.test.js:47:49)

  ΓùÅ Analytics Event Schemas ΓÇ║ createAnalyticsEventSchema ΓÇ║ should accept null user_id

    TypeError: Cannot read properties of undefined (reading '_zod')

      51 |     it('should accept null user_id', () => {
      52 |       const data = { ...validData, user_id: null };
    > 53 |       const result = createAnalyticsEventSchema.safeParse(data);
         |                                                 ^
      54 |       expect(result.success).toBe(true);
      55 |     });
      56 |

      at Object.inst._zod.parse (node_modules/zod/v4/core/schemas.cjs:1356:46)
      at Object.inst._zod.parse (node_modules/zod/v4/core/schemas.cjs:1588:35)
      at Object.inst._zod.parse (node_modules/zod/v4/core/schemas.cjs:1606:35)
      at eval (eval at compile (node_modules/zod/v4/core/doc.cjs:36:16), <anonymous>:59:44)
      at node_modules/zod/v4/core/schemas.cjs:896:34
      at Object.inst._zod.parse (node_modules/zod/v4/core/schemas.cjs:921:23)
      at Object.safeParse (node_modules/zod/v4/core/parse.cjs:61:32)
      at _.inst.safeParse (node_modules/zod/v4/classic/schemas.cjs:157:46)
      at Object.safeParse (src/tests/modules/analytics-event/schemas/analytics-event.schema.test.js:53:49)

  ΓùÅ Analytics Event Schemas ΓÇ║ createAnalyticsEventSchema ΓÇ║ should accept complex payload_json object

    TypeError: Cannot read properties of undefined (reading '_zod')

      71 |         } 
      72 |       };
    > 73 |       const result = createAnalyticsEventSchema.safeParse(data);
         |                                                 ^
      74 |       expect(result.success).toBe(true);
      75 |     });
      76 |

      at Object.inst._zod.parse (node_modules/zod/v4/core/schemas.cjs:1356:46)
      at Object.inst._zod.parse (node_modules/zod/v4/core/schemas.cjs:1588:35)
      at Object.inst._zod.parse (node_modules/zod/v4/core/schemas.cjs:1606:35)
      at eval (eval at compile (node_modules/zod/v4/core/doc.cjs:36:16), <anonymous>:59:44)
      at node_modules/zod/v4/core/schemas.cjs:896:34
      at Object.inst._zod.parse (node_modules/zod/v4/core/schemas.cjs:921:23)
      at Object.safeParse (node_modules/zod/v4/core/parse.cjs:61:32)
      at _.inst.safeParse (node_modules/zod/v4/classic/schemas.cjs:157:46)
      at Object.safeParse (src/tests/modules/analytics-event/schemas/analytics-event.schema.test.js:73:49)

  ΓùÅ Analytics Event Schemas ΓÇ║ createAnalyticsEventSchema ΓÇ║ should trim string fields

    TypeError: Cannot read properties of undefined (reading '_zod')

      83 |     it('should trim string fields', () => {
      84 |       const data = { ...validData, event_name: '  page_view  ' };
    > 85 |       const result = createAnalyticsEventSchema.safeParse(data);
         |                                                 ^
      86 |       expect(result.success).toBe(true);
      87 |       if (result.success) {
      88 |         expect(result.data.event_name).toBe('page_view');

      at Object.inst._zod.parse (node_modules/zod/v4/core/schemas.cjs:1356:46)
      at Object.inst._zod.parse (node_modules/zod/v4/core/schemas.cjs:1588:35)
      at Object.inst._zod.parse (node_modules/zod/v4/core/schemas.cjs:1606:35)
      at eval (eval at compile (node_modules/zod/v4/core/doc.cjs:36:16), <anonymous>:59:44)
      at node_modules/zod/v4/core/schemas.cjs:896:34
      at Object.inst._zod.parse (node_modules/zod/v4/core/schemas.cjs:921:23)
      at Object.safeParse (node_modules/zod/v4/core/parse.cjs:61:32)
      at _.inst.safeParse (node_modules/zod/v4/classic/schemas.cjs:157:46)
      at Object.safeParse (src/tests/modules/analytics-event/schemas/analytics-event.schema.test.js:85:49)

  ΓùÅ Analytics Event Schemas ΓÇ║ updateAnalyticsEventSchema ΓÇ║ should validate correct update data

    TypeError: Cannot read properties of undefined (reading '_zod')

       97 |         payload_json: { button: 'submit' }
       98 |       };
    >  99 |       const result = updateAnalyticsEventSchema.safeParse(data);
          |                                                 ^
      100 |       expect(result.success).toBe(true);
      101 |     });
      102 |

      at Object.inst._zod.parse (node_modules/zod/v4/core/schemas.cjs:1356:46)
      at Object.inst._zod.parse (node_modules/zod/v4/core/schemas.cjs:1588:35)
      at Object.inst._zod.parse (node_modules/zod/v4/core/schemas.cjs:1606:35)
      at eval (eval at compile (node_modules/zod/v4/core/doc.cjs:36:16), <anonymous>:23:44)
      at node_modules/zod/v4/core/schemas.cjs:896:34
      at Object.inst._zod.parse (node_modules/zod/v4/core/schemas.cjs:921:23)
      at Object.safeParse (node_modules/zod/v4/core/parse.cjs:61:32)
      at _.inst.safeParse (node_modules/zod/v4/classic/schemas.cjs:157:46)
      at Object.safeParse (src/tests/modules/analytics-event/schemas/analytics-event.schema.test.js:99:49)

FAIL src/tests/modules/kpi-snapshot/schemas/kpi-snapshot.schema.test.js
  ΓùÅ KPI Snapshot Schemas ΓÇ║ createKpiSnapshotSchema ΓÇ║ should trim string fields

    expect(received).toBe(expected) // Object.is equality

    Expected: true
    Received: false

      81 |       const data = { ...validData, name: '  Revenue  ', value: '  123.45  ' };
      82 |       const result = createKpiSnapshotSchema.safeParse(data);
    > 83 |       expect(result.success).toBe(true);
         |                              ^
      84 |       if (result.success) {
      85 |         expect(result.data.name).toBe('Revenue');
      86 |         expect(result.data.value).toBe('123.45');

      at Object.toBe (src/tests/modules/kpi-snapshot/schemas/kpi-snapshot.schema.test.js:83:30)

FAIL src/tests/modules/supplier/controllers/supplier.controller.test.js
  ΓùÅ Test suite failed to run

    Jest worker encountered 4 child process exceptions, exceeding retry limit

      at ChildProcessWorker.initialize (node_modules/jest-worker/build/index.js:805:21)

FAIL src/tests/modules/user/controllers/user.controller.test.js
  ΓùÅ Test suite failed to run

    Jest worker encountered 4 child process exceptions, exceeding retry limit

      at ChildProcessWorker.initialize (node_modules/jest-worker/build/index.js:805:21)

FAIL src/tests/modules/radiology-test/controllers/radiology-test.controller.test.js
  ΓùÅ Test suite failed to run

    Jest worker encountered 4 child process exceptions, exceeding retry limit

      at ChildProcessWorker.initialize (node_modules/jest-worker/build/index.js:805:21)

FAIL src/tests/modules/pricing-rule/controllers/pricing-rule.controller.test.js
  ΓùÅ Test suite failed to run

    Jest worker encountered 4 child process exceptions, exceeding retry limit

      at ChildProcessWorker.initialize (node_modules/jest-worker/build/index.js:805:21)

FAIL src/tests/modules/invoice/controllers/invoice.controller.test.js
  ΓùÅ Test suite failed to run

    Jest worker encountered 4 child process exceptions, exceeding retry limit

      at ChildProcessWorker.initialize (node_modules/jest-worker/build/index.js:805:21)

FAIL src/tests/modules/emergency-case/controllers/emergency-case.controller.test.js
  ΓùÅ Test suite failed to run

    Jest worker encountered 4 child process exceptions, exceeding retry limit

      at ChildProcessWorker.initialize (node_modules/jest-worker/build/index.js:805:21)

FAIL src/tests/modules/coverage-plan/controllers/coverage-plan.controller.test.js
  ΓùÅ Test suite failed to run

    Jest worker encountered 4 child process exceptions, exceeding retry limit

      at ChildProcessWorker.initialize (node_modules/jest-worker/build/index.js:805:21)

FAIL src/tests/modules/appointment/controllers/appointment.controller.test.js
  ΓùÅ Test suite failed to run

    Jest worker encountered 4 child process exceptions, exceeding retry limit

      at ChildProcessWorker.initialize (node_modules/jest-worker/build/index.js:805:21)


Test Suites: 33 failed, 476 passed, 509 total
Tests:       80 failed, 7558 passed, 7638 total
Snapshots:   0 total
Time:        75.948 s, estimated 131 s
